[2026-05-29 07:42:06] skipped updateHttpSettingsFile during title startup
[2026-05-29 07:42:06] skipped updateCreditsFile during title startup
[2026-05-29 07:42:06] skipped updateCustomDexFile during title startup
[2026-05-29 07:42:06] skipped updateOnlineCustomSpritesFile during title startup
[2026-05-29 07:42:06] skipped find_newer_available_version during title startup
[2026-05-30 12:21:01] skipped updateHttpSettingsFile during title startup
[2026-05-30 12:21:01] skipped updateCreditsFile during title startup
[2026-05-30 12:21:01] skipped updateCustomDexFile during title startup
[2026-05-30 12:21:01] skipped updateOnlineCustomSpritesFile during title startup
[2026-05-30 12:21:01] skipped find_newer_available_version during title startup
[2026-06-12 07:28:16] skipped updateHttpSettingsFile during title startup
[2026-06-12 07:28:16] skipped updateCreditsFile during title startup
[2026-06-12 07:28:16] skipped updateCustomDexFile during title startup
[2026-06-12 07:28:16] skipped updateOnlineCustomSpritesFile during title startup
[2026-06-12 07:28:16] skipped find_newer_available_version during title startup
[2026-06-12 07:35:50] skipped updateHttpSettingsFile during title startup
[2026-06-12 07:35:50] skipped updateCreditsFile during title startup
[2026-06-12 07:35:50] skipped updateCustomDexFile during title startup
[2026-06-12 07:35:50] skipped updateOnlineCustomSpritesFile during title startup
[2026-06-12 07:35:50] skipped find_newer_available_version during title startup
