[2026-05-29 07:41:40] 012_TrainerCompatibility begin load from C:/Program Files (x86)/Steam/steamapps/common/Kuray's Infinite Fusion (KIF)/kurayshinyrevamp/Mods/travel_expansion_framework/012_TrainerCompatibility.rb
[2026-05-29 07:41:40] 012_TrainerCompatibility availability pbLoadTrainer="method" pbTrainerBattleCore="method" pbTrainerBattle="method" pbDoubleTrainerBattle="method" pbTripleTrainerBattle="method" pbMissingTrainer="method"
[2026-05-29 07:41:40] 012_TrainerCompatibility loaded from C:/Program Files (x86)/Steam/steamapps/common/Kuray's Infinite Fusion (KIF)/kurayshinyrevamp/Mods/travel_expansion_framework/012_TrainerCompatibility.rb
[2026-05-29 07:41:40] 018_HostQuestCompatibility loaded from C:/Program Files (x86)/Steam/steamapps/common/Kuray's Infinite Fusion (KIF)/kurayshinyrevamp/Mods/travel_expansion_framework/018_HostQuestCompatibility.rb
[2026-05-29 07:41:40] 019_TrainerRuntimeHotfixes loaded from C:/Program Files (x86)/Steam/steamapps/common/Kuray's Infinite Fusion (KIF)/kurayshinyrevamp/Mods/travel_expansion_framework/019_TrainerRuntimeHotfixes.rb
[2026-05-29 07:41:40] 021_InterpreterStateSafety loaded from C:/Program Files (x86)/Steam/steamapps/common/Kuray's Infinite Fusion (KIF)/kurayshinyrevamp/Mods/travel_expansion_framework/021_InterpreterStateSafety.rb
[2026-05-29 07:41:40] 022_LoadMapVisualSafety loaded from C:/Program Files (x86)/Steam/steamapps/common/Kuray's Infinite Fusion (KIF)/kurayshinyrevamp/Mods/travel_expansion_framework/022_LoadMapVisualSafety.rb
[2026-05-29 07:41:40] [hollow_woods] applied host-safe game mode defaults from load
[2026-05-29 07:41:40] Registered imported item TEF_ANIL_POKERIDER for anil from POKERIDER
[2026-05-29 07:41:40] Registered imported item TEF_ANIL_POKERADAR for anil from POKERADAR
[2026-05-29 07:41:40] Registered imported item TEF_ANIL_RADAR for anil from RADAR
[2026-05-29 07:41:40] Registered imported item TEF_ANIL_ALBUMFOTOS for anil from ALBUMFOTOS
[2026-05-29 07:41:40] Registered imported item TEF_ANIL_EGGHATCHER for anil from EGGHATCHER
[2026-05-29 07:41:40] Registered imported item TEF_ANIL_ROCKSMASHITEM for anil from ROCKSMASHITEM
[2026-05-29 07:41:40] [anil] registered Anil key item handlers ["POKERIDER:TEF_ANIL_POKERIDER", "POKERADAR:TEF_ANIL_POKERADAR", "RADAR:TEF_ANIL_RADAR", "ALBUMFOTOS:TEF_ANIL_ALBUMFOTOS", "EGGHATCHER:TEF_ANIL_EGGHATCHER", "ROCKSMASHITEM:TEF_ANIL_ROCKSMASHITEM"]
[2026-05-29 07:41:40] [town_map] registered world-aware Town Map item handlers [:TOWNMAP]
[2026-05-29 07:41:40] Registered imported item TEF_KEISHOU_STORAGEDEVICE for keishou from STORAGEDEVICE
[2026-05-29 07:41:40] Registered imported item TEF_POKEMON_KEISHOU_STORAGEDEVICE for pokemon_keishou from STORAGEDEVICE
[2026-05-29 07:41:40] Registered imported item TEF_KEISHOU_CHARMCASE for keishou from CHARMCASE
[2026-05-29 07:41:40] Registered imported item TEF_POKEMON_KEISHOU_CHARMCASE for pokemon_keishou from CHARMCASE
[2026-05-29 07:41:40] Registered imported item TEF_KEISHOU_NOTEBOOK for keishou from NOTEBOOK
[2026-05-29 07:41:40] Registered imported item TEF_POKEMON_KEISHOU_NOTEBOOK for pokemon_keishou from NOTEBOOK
[2026-05-29 07:41:40] Registered imported item TEF_KEISHOU_POKEBOWL for keishou from POKEBOWL
[2026-05-29 07:41:40] Registered imported item TEF_POKEMON_KEISHOU_POKEBOWL for pokemon_keishou from POKEBOWL
[2026-05-29 07:41:41] Registered imported item TEF_KEISHOU_ITEMCRAFTINGBAG for keishou from ITEMCRAFTINGBAG
[2026-05-29 07:41:41] Registered imported item TEF_POKEMON_KEISHOU_ITEMCRAFTINGBAG for pokemon_keishou from ITEMCRAFTINGBAG
[2026-05-29 07:41:41] Registered imported item TEF_KEISHOU_BATTLECRAFTINGBAG for keishou from BATTLECRAFTINGBAG
[2026-05-29 07:41:41] Registered imported item TEF_POKEMON_KEISHOU_BATTLECRAFTINGBAG for pokemon_keishou from BATTLECRAFTINGBAG
[2026-05-29 07:41:41] Registered imported item TEF_KEISHOU_TERACRAFTINGBAG for keishou from TERACRAFTINGBAG
[2026-05-29 07:41:41] Registered imported item TEF_POKEMON_KEISHOU_TERACRAFTINGBAG for pokemon_keishou from TERACRAFTINGBAG
[2026-05-29 07:41:41] Registered imported item TEF_KEISHOU_MEGACRAFTINGBAG for keishou from MEGACRAFTINGBAG
[2026-05-29 07:41:41] Registered imported item TEF_POKEMON_KEISHOU_MEGACRAFTINGBAG for pokemon_keishou from MEGACRAFTINGBAG
[2026-05-29 07:41:41] Registered imported item TEF_KEISHOU_TMCRAFTINGLENSCOPPER for keishou from TMCRAFTINGLENSCOPPER
[2026-05-29 07:41:41] Registered imported item TEF_POKEMON_KEISHOU_TMCRAFTINGLENSCOPPER for pokemon_keishou from TMCRAFTINGLENSCOPPER
[2026-05-29 07:41:41] Registered imported item TEF_KEISHOU_TMCRAFTINGLENSSILVER for keishou from TMCRAFTINGLENSSILVER
[2026-05-29 07:41:41] Registered imported item TEF_POKEMON_KEISHOU_TMCRAFTINGLENSSILVER for pokemon_keishou from TMCRAFTINGLENSSILVER
[2026-05-29 07:41:41] Registered imported item TEF_KEISHOU_TMCRAFTINGLENSGOLD for keishou from TMCRAFTINGLENSGOLD
[2026-05-29 07:41:41] Registered imported item TEF_POKEMON_KEISHOU_TMCRAFTINGLENSGOLD for pokemon_keishou from TMCRAFTINGLENSGOLD
[2026-05-29 07:41:41] Registered imported item TEF_KEISHOU_TMCRAFTINGLENSPLATINUM for keishou from TMCRAFTINGLENSPLATINUM
[2026-05-29 07:41:41] Registered imported item TEF_POKEMON_KEISHOU_TMCRAFTINGLENSPLATINUM for pokemon_keishou from TMCRAFTINGLENSPLATINUM
[2026-05-29 07:41:41] Registered imported item TEF_KEISHOU_APRICORNCHARM for keishou from APRICORNCHARM
[2026-05-29 07:41:41] Registered imported item TEF_POKEMON_KEISHOU_APRICORNCHARM for pokemon_keishou from APRICORNCHARM
[2026-05-29 07:41:41] Registered imported item TEF_KEISHOU_BALANCECHARM for keishou from BALANCECHARM
[2026-05-29 07:41:41] Registered imported item TEF_POKEMON_KEISHOU_BALANCECHARM for pokemon_keishou from BALANCECHARM
[2026-05-29 07:41:41] Registered imported item TEF_KEISHOU_BERRYCHARM for keishou from BERRYCHARM
[2026-05-29 07:41:41] Registered imported item TEF_POKEMON_KEISHOU_BERRYCHARM for pokemon_keishou from BERRYCHARM
[2026-05-29 07:41:41] Registered imported item TEF_KEISHOU_CATCHINGCHARM for keishou from CATCHINGCHARM
[2026-05-29 07:41:41] Registered imported item TEF_POKEMON_KEISHOU_CATCHINGCHARM for pokemon_keishou from CATCHINGCHARM
[2026-05-29 07:41:41] Registered imported item TEF_KEISHOU_CLOVERCHARM for keishou from CLOVERCHARM
[2026-05-29 07:41:41] Registered imported item TEF_POKEMON_KEISHOU_CLOVERCHARM for pokemon_keishou from CLOVERCHARM
[2026-05-29 07:41:41] Registered imported item TEF_KEISHOU_COINCHARM for keishou from COINCHARM
[2026-05-29 07:41:41] Registered imported item TEF_POKEMON_KEISHOU_COINCHARM for pokemon_keishou from COINCHARM
[2026-05-29 07:41:41] Registered imported item TEF_KEISHOU_COLORCHARM for keishou from COLORCHARM
[2026-05-29 07:41:41] Registered imported item TEF_POKEMON_KEISHOU_COLORCHARM for pokemon_keishou from COLORCHARM
[2026-05-29 07:41:41] Registered imported item TEF_KEISHOU_CONTESTCHARM for keishou from CONTESTCHARM
[2026-05-29 07:41:41] Registered imported item TEF_POKEMON_KEISHOU_CONTESTCHARM for pokemon_keishou from CONTESTCHARM
[2026-05-29 07:41:41] Registered imported item TEF_KEISHOU_CORRUPTCHARM for keishou from CORRUPTCHARM
[2026-05-29 07:41:41] Registered imported item TEF_POKEMON_KEISHOU_CORRUPTCHARM for pokemon_keishou from CORRUPTCHARM
[2026-05-29 07:41:41] Registered imported item TEF_KEISHOU_CRAFTINGCHARM for keishou from CRAFTINGCHARM
[2026-05-29 07:41:41] Registered imported item TEF_POKEMON_KEISHOU_CRAFTINGCHARM for pokemon_keishou from CRAFTINGCHARM
[2026-05-29 07:41:41] Registered imported item TEF_KEISHOU_DISABLECHARM for keishou from DISABLECHARM
[2026-05-29 07:41:41] Registered imported item TEF_POKEMON_KEISHOU_DISABLECHARM for pokemon_keishou from DISABLECHARM
[2026-05-29 07:41:41] Registered imported item TEF_KEISHOU_EASYCHARM for keishou from EASYCHARM
[2026-05-29 07:41:41] Registered imported item TEF_POKEMON_KEISHOU_EASYCHARM for pokemon_keishou from EASYCHARM
[2026-05-29 07:41:41] Registered imported item TEF_KEISHOU_EFFORTCHARM for keishou from EFFORTCHARM
[2026-05-29 07:41:41] Registered imported item TEF_POKEMON_KEISHOU_EFFORTCHARM for pokemon_keishou from EFFORTCHARM
[2026-05-29 07:41:41] Registered imported item TEF_KEISHOU_EXPALLCHARM for keishou from EXPALLCHARM
[2026-05-29 07:41:41] Registered imported item TEF_POKEMON_KEISHOU_EXPALLCHARM for pokemon_keishou from EXPALLCHARM
[2026-05-29 07:41:41] Registered imported item TEF_KEISHOU_EXPCHARM for keishou from EXPCHARM
[2026-05-29 07:41:41] Registered imported item TEF_POKEMON_KEISHOU_EXPCHARM for pokemon_keishou from EXPCHARM
[2026-05-29 07:41:41] Registered imported item TEF_KEISHOU_FRUGALCHARM for keishou from FRUGALCHARM
[2026-05-29 07:41:41] Registered imported item TEF_POKEMON_KEISHOU_FRUGALCHARM for pokemon_keishou from FRUGALCHARM
[2026-05-29 07:41:41] Registered imported item TEF_KEISHOU_GENECHARM for keishou from GENECHARM
[2026-05-29 07:41:41] Registered imported item TEF_POKEMON_KEISHOU_GENECHARM for pokemon_keishou from GENECHARM
[2026-05-29 07:41:41] Registered imported item TEF_KEISHOU_GOLDCHARM for keishou from GOLDCHARM
[2026-05-29 07:41:41] Registered imported item TEF_POKEMON_KEISHOU_GOLDCHARM for pokemon_keishou from GOLDCHARM
[2026-05-29 07:41:41] Registered imported item TEF_KEISHOU_HARDCHARM for keishou from HARDCHARM
[2026-05-29 07:41:41] Registered imported item TEF_POKEMON_KEISHOU_HARDCHARM for pokemon_keishou from HARDCHARM
[2026-05-29 07:41:41] Registered imported item TEF_KEISHOU_HEALINGCHARM for keishou from HEALINGCHARM
[2026-05-29 07:41:41] Registered imported item TEF_POKEMON_KEISHOU_HEALINGCHARM for pokemon_keishou from HEALINGCHARM
[2026-05-29 07:41:41] Registered imported item TEF_KEISHOU_HEARTCHARM for keishou from HEARTCHARM
[2026-05-29 07:41:41] Registered imported item TEF_POKEMON_KEISHOU_HEARTCHARM for pokemon_keishou from HEARTCHARM
[2026-05-29 07:41:41] Registered imported item TEF_KEISHOU_HUNTERSCHARM for keishou from HUNTERSCHARM
[2026-05-29 07:41:41] Registered imported item TEF_POKEMON_KEISHOU_HUNTERSCHARM for pokemon_keishou from HUNTERSCHARM
[2026-05-29 07:41:41] Registered imported item TEF_KEISHOU_IVCHARM for keishou from IVCHARM
[2026-05-29 07:41:41] Registered imported item TEF_POKEMON_KEISHOU_IVCHARM for pokemon_keishou from IVCHARM
[2026-05-29 07:41:41] Registered imported item TEF_KEISHOU_KEYCHARM for keishou from KEYCHARM
[2026-05-29 07:41:41] Registered imported item TEF_POKEMON_KEISHOU_KEYCHARM for pokemon_keishou from KEYCHARM
[2026-05-29 07:41:41] Registered imported item TEF_KEISHOU_LINKCHARM for keishou from LINKCHARM
[2026-05-29 07:41:41] Registered imported item TEF_POKEMON_KEISHOU_LINKCHARM for pokemon_keishou from LINKCHARM
[2026-05-29 07:41:41] Registered imported item TEF_KEISHOU_LURECHARM for keishou from LURECHARM
[2026-05-29 07:41:41] Registered imported item TEF_POKEMON_KEISHOU_LURECHARM for pokemon_keishou from LURECHARM
[2026-05-29 07:41:41] Registered imported item TEF_KEISHOU_MERCYCHARM for keishou from MERCYCHARM
[2026-05-29 07:41:41] Registered imported item TEF_POKEMON_KEISHOU_MERCYCHARM for pokemon_keishou from MERCYCHARM
[2026-05-29 07:41:41] Registered imported item TEF_KEISHOU_MININGCHARM for keishou from MININGCHARM
[2026-05-29 07:41:41] Registered imported item TEF_POKEMON_KEISHOU_MININGCHARM for pokemon_keishou from MININGCHARM
[2026-05-29 07:41:41] Registered imported item TEF_KEISHOU_NATURECHARM for keishou from NATURECHARM
[2026-05-29 07:41:41] Registered imported item TEF_POKEMON_KEISHOU_NATURECHARM for pokemon_keishou from NATURECHARM
[2026-05-29 07:41:41] Registered imported item TEF_KEISHOU_OVALCHARM for keishou from OVALCHARM
[2026-05-29 07:41:41] Registered imported item TEF_POKEMON_KEISHOU_OVALCHARM for pokemon_keishou from OVALCHARM
[2026-05-29 07:41:41] Registered imported item TEF_KEISHOU_POINTSCHARM for keishou from POINTSCHARM
[2026-05-29 07:41:41] Registered imported item TEF_POKEMON_KEISHOU_POINTSCHARM for pokemon_keishou from POINTSCHARM
[2026-05-29 07:41:41] Registered imported item TEF_KEISHOU_PROMOCHARM for keishou from PROMOCHARM
[2026-05-29 07:41:41] Registered imported item TEF_POKEMON_KEISHOU_PROMOCHARM for pokemon_keishou from PROMOCHARM
[2026-05-29 07:41:41] Registered imported item TEF_KEISHOU_PURIFYCHARM for keishou from PURIFYCHARM
[2026-05-29 07:41:41] Registered imported item TEF_POKEMON_KEISHOU_PURIFYCHARM for pokemon_keishou from PURIFYCHARM
[2026-05-29 07:41:41] Registered imported item TEF_KEISHOU_RESISTORCHARM for keishou from RESISTORCHARM
[2026-05-29 07:41:41] Registered imported item TEF_POKEMON_KEISHOU_RESISTORCHARM for pokemon_keishou from RESISTORCHARM
[2026-05-29 07:41:41] Registered imported item TEF_KEISHOU_ROAMINGCHARM for keishou from ROAMINGCHARM
[2026-05-29 07:41:41] Registered imported item TEF_POKEMON_KEISHOU_ROAMINGCHARM for pokemon_keishou from ROAMINGCHARM
[2026-05-29 07:41:41] Registered imported item TEF_KEISHOU_SAFARICHARM for keishou from SAFARICHARM
[2026-05-29 07:41:41] Registered imported item TEF_POKEMON_KEISHOU_SAFARICHARM for pokemon_keishou from SAFARICHARM
[2026-05-29 07:41:41] Registered imported item TEF_KEISHOU_SHINYCHARM for keishou from SHINYCHARM
[2026-05-29 07:41:41] Registered imported item TEF_POKEMON_KEISHOU_SHINYCHARM for pokemon_keishou from SHINYCHARM
[2026-05-29 07:41:41] Registered imported item TEF_KEISHOU_SLOTSCHARM for keishou from SLOTSCHARM
[2026-05-29 07:41:41] Registered imported item TEF_POKEMON_KEISHOU_SLOTSCHARM for pokemon_keishou from SLOTSCHARM
[2026-05-29 07:41:41] Registered imported item TEF_KEISHOU_SMARTCHARM for keishou from SMARTCHARM
[2026-05-29 07:41:41] Registered imported item TEF_POKEMON_KEISHOU_SMARTCHARM for pokemon_keishou from SMARTCHARM
[2026-05-29 07:41:41] Registered imported item TEF_KEISHOU_SPIRITCHARM for keishou from SPIRITCHARM
[2026-05-29 07:41:41] Registered imported item TEF_POKEMON_KEISHOU_SPIRITCHARM for pokemon_keishou from SPIRITCHARM
[2026-05-29 07:41:41] Registered imported item TEF_KEISHOU_STABCHARM for keishou from STABCHARM
[2026-05-29 07:41:41] Registered imported item TEF_POKEMON_KEISHOU_STABCHARM for pokemon_keishou from STABCHARM
[2026-05-29 07:41:41] Registered imported item TEF_KEISHOU_STEPCHARM for keishou from STEPCHARM
[2026-05-29 07:41:41] Registered imported item TEF_POKEMON_KEISHOU_STEPCHARM for pokemon_keishou from STEPCHARM
[2026-05-29 07:41:41] Registered imported item TEF_KEISHOU_TRADINGCHARM for keishou from TRADINGCHARM
[2026-05-29 07:41:41] Registered imported item TEF_POKEMON_KEISHOU_TRADINGCHARM for pokemon_keishou from TRADINGCHARM
[2026-05-29 07:41:41] Registered imported item TEF_KEISHOU_TRIPTRIADCHARM for keishou from TRIPTRIADCHARM
[2026-05-29 07:41:41] Registered imported item TEF_POKEMON_KEISHOU_TRIPTRIADCHARM for pokemon_keishou from TRIPTRIADCHARM
[2026-05-29 07:41:41] Registered imported item TEF_KEISHOU_TWINCHARM for keishou from TWINCHARM
[2026-05-29 07:41:41] Registered imported item TEF_POKEMON_KEISHOU_TWINCHARM for pokemon_keishou from TWINCHARM
[2026-05-29 07:41:41] Registered imported item TEF_KEISHOU_VIRALCHARM for keishou from VIRALCHARM
[2026-05-29 07:41:41] Registered imported item TEF_POKEMON_KEISHOU_VIRALCHARM for pokemon_keishou from VIRALCHARM
[2026-05-29 07:41:41] Registered imported item TEF_KEISHOU_WISHINGCHARM for keishou from WISHINGCHARM
[2026-05-29 07:41:41] Registered imported item TEF_POKEMON_KEISHOU_WISHINGCHARM for pokemon_keishou from WISHINGCHARM
[2026-05-29 07:41:41] Registered imported item TEF_KEISHOU_ELEMENTCHARM for keishou from ELEMENTCHARM
[2026-05-29 07:41:41] Registered imported item TEF_POKEMON_KEISHOU_ELEMENTCHARM for pokemon_keishou from ELEMENTCHARM
[2026-05-29 07:41:41] Registered imported item TEF_KEISHOU_BUGCHARM for keishou from BUGCHARM
[2026-05-29 07:41:41] Registered imported item TEF_POKEMON_KEISHOU_BUGCHARM for pokemon_keishou from BUGCHARM
[2026-05-29 07:41:41] Registered imported item TEF_KEISHOU_DARKCHARM for keishou from DARKCHARM
[2026-05-29 07:41:41] Registered imported item TEF_POKEMON_KEISHOU_DARKCHARM for pokemon_keishou from DARKCHARM
[2026-05-29 07:41:41] Registered imported item TEF_KEISHOU_DRAGONCHARM for keishou from DRAGONCHARM
[2026-05-29 07:41:41] Registered imported item TEF_POKEMON_KEISHOU_DRAGONCHARM for pokemon_keishou from DRAGONCHARM
[2026-05-29 07:41:41] Registered imported item TEF_KEISHOU_ELECTRICCHARM for keishou from ELECTRICCHARM
[2026-05-29 07:41:41] Registered imported item TEF_POKEMON_KEISHOU_ELECTRICCHARM for pokemon_keishou from ELECTRICCHARM
[2026-05-29 07:41:41] Registered imported item TEF_KEISHOU_FAIRYCHARM for keishou from FAIRYCHARM
[2026-05-29 07:41:41] Registered imported item TEF_POKEMON_KEISHOU_FAIRYCHARM for pokemon_keishou from FAIRYCHARM
[2026-05-29 07:41:41] Registered imported item TEF_KEISHOU_FIGHTINGCHARM for keishou from FIGHTINGCHARM
[2026-05-29 07:41:41] Registered imported item TEF_POKEMON_KEISHOU_FIGHTINGCHARM for pokemon_keishou from FIGHTINGCHARM
[2026-05-29 07:41:41] Registered imported item TEF_KEISHOU_FIRECHARM for keishou from FIRECHARM
[2026-05-29 07:41:41] Registered imported item TEF_POKEMON_KEISHOU_FIRECHARM for pokemon_keishou from FIRECHARM
[2026-05-29 07:41:41] Registered imported item TEF_KEISHOU_FLYINGCHARM for keishou from FLYINGCHARM
[2026-05-29 07:41:41] Registered imported item TEF_POKEMON_KEISHOU_FLYINGCHARM for pokemon_keishou from FLYINGCHARM
[2026-05-29 07:41:41] Registered imported item TEF_KEISHOU_GHOSTCHARM for keishou from GHOSTCHARM
[2026-05-29 07:41:41] Registered imported item TEF_POKEMON_KEISHOU_GHOSTCHARM for pokemon_keishou from GHOSTCHARM
[2026-05-29 07:41:41] Registered imported item TEF_KEISHOU_GRASSCHARM for keishou from GRASSCHARM
[2026-05-29 07:41:41] Registered imported item TEF_POKEMON_KEISHOU_GRASSCHARM for pokemon_keishou from GRASSCHARM
[2026-05-29 07:41:41] Registered imported item TEF_KEISHOU_GROUNDCHARM for keishou from GROUNDCHARM
[2026-05-29 07:41:41] Registered imported item TEF_POKEMON_KEISHOU_GROUNDCHARM for pokemon_keishou from GROUNDCHARM
[2026-05-29 07:41:41] Registered imported item TEF_KEISHOU_ICECHARM for keishou from ICECHARM
[2026-05-29 07:41:41] Registered imported item TEF_POKEMON_KEISHOU_ICECHARM for pokemon_keishou from ICECHARM
[2026-05-29 07:41:41] Registered imported item TEF_KEISHOU_NORMALCHARM for keishou from NORMALCHARM
[2026-05-29 07:41:41] Registered imported item TEF_POKEMON_KEISHOU_NORMALCHARM for pokemon_keishou from NORMALCHARM
[2026-05-29 07:41:41] Registered imported item TEF_KEISHOU_PSYCHICCHARM for keishou from PSYCHICCHARM
[2026-05-29 07:41:41] Registered imported item TEF_POKEMON_KEISHOU_PSYCHICCHARM for pokemon_keishou from PSYCHICCHARM
[2026-05-29 07:41:41] Registered imported item TEF_KEISHOU_POISONCHARM for keishou from POISONCHARM
[2026-05-29 07:41:41] Registered imported item TEF_POKEMON_KEISHOU_POISONCHARM for pokemon_keishou from POISONCHARM
[2026-05-29 07:41:41] Registered imported item TEF_KEISHOU_ROCKCHARM for keishou from ROCKCHARM
[2026-05-29 07:41:41] Registered imported item TEF_POKEMON_KEISHOU_ROCKCHARM for pokemon_keishou from ROCKCHARM
[2026-05-29 07:41:41] Registered imported item TEF_KEISHOU_STEELCHARM for keishou from STEELCHARM
[2026-05-29 07:41:41] Registered imported item TEF_POKEMON_KEISHOU_STEELCHARM for pokemon_keishou from STEELCHARM
[2026-05-29 07:41:41] Registered imported item TEF_KEISHOU_WATERCHARM for keishou from WATERCHARM
[2026-05-29 07:41:41] Registered imported item TEF_POKEMON_KEISHOU_WATERCHARM for pokemon_keishou from WATERCHARM
[2026-05-29 07:41:41] [keishou] Charm Case, Storage Device, crafting, and Notebook compatibility loaded
[2026-05-29 07:41:41] [darkhorizon] compatibility shims loaded
[2026-05-30 12:20:43] 012_TrainerCompatibility begin load from C:/Program Files (x86)/Steam/steamapps/common/Kuray's Infinite Fusion (KIF)/kurayshinyrevamp/Mods/travel_expansion_framework/012_TrainerCompatibility.rb
[2026-05-30 12:20:43] 012_TrainerCompatibility availability pbLoadTrainer="method" pbTrainerBattleCore="method" pbTrainerBattle="method" pbDoubleTrainerBattle="method" pbTripleTrainerBattle="method" pbMissingTrainer="method"
[2026-05-30 12:20:43] 012_TrainerCompatibility loaded from C:/Program Files (x86)/Steam/steamapps/common/Kuray's Infinite Fusion (KIF)/kurayshinyrevamp/Mods/travel_expansion_framework/012_TrainerCompatibility.rb
[2026-05-30 12:20:43] 018_HostQuestCompatibility loaded from C:/Program Files (x86)/Steam/steamapps/common/Kuray's Infinite Fusion (KIF)/kurayshinyrevamp/Mods/travel_expansion_framework/018_HostQuestCompatibility.rb
[2026-05-30 12:20:43] 019_TrainerRuntimeHotfixes loaded from C:/Program Files (x86)/Steam/steamapps/common/Kuray's Infinite Fusion (KIF)/kurayshinyrevamp/Mods/travel_expansion_framework/019_TrainerRuntimeHotfixes.rb
[2026-05-30 12:20:43] 021_InterpreterStateSafety loaded from C:/Program Files (x86)/Steam/steamapps/common/Kuray's Infinite Fusion (KIF)/kurayshinyrevamp/Mods/travel_expansion_framework/021_InterpreterStateSafety.rb
[2026-05-30 12:20:43] 022_LoadMapVisualSafety loaded from C:/Program Files (x86)/Steam/steamapps/common/Kuray's Infinite Fusion (KIF)/kurayshinyrevamp/Mods/travel_expansion_framework/022_LoadMapVisualSafety.rb
[2026-05-30 12:20:43] [hollow_woods] applied host-safe game mode defaults from load
[2026-05-30 12:20:43] Registered imported item TEF_ANIL_POKERIDER for anil from POKERIDER
[2026-05-30 12:20:43] Registered imported item TEF_ANIL_POKERADAR for anil from POKERADAR
[2026-05-30 12:20:43] Registered imported item TEF_ANIL_RADAR for anil from RADAR
[2026-05-30 12:20:43] Registered imported item TEF_ANIL_ALBUMFOTOS for anil from ALBUMFOTOS
[2026-05-30 12:20:43] Registered imported item TEF_ANIL_EGGHATCHER for anil from EGGHATCHER
[2026-05-30 12:20:43] Registered imported item TEF_ANIL_ROCKSMASHITEM for anil from ROCKSMASHITEM
[2026-05-30 12:20:43] [anil] registered Anil key item handlers ["POKERIDER:TEF_ANIL_POKERIDER", "POKERADAR:TEF_ANIL_POKERADAR", "RADAR:TEF_ANIL_RADAR", "ALBUMFOTOS:TEF_ANIL_ALBUMFOTOS", "EGGHATCHER:TEF_ANIL_EGGHATCHER", "ROCKSMASHITEM:TEF_ANIL_ROCKSMASHITEM"]
[2026-05-30 12:20:43] [town_map] registered world-aware Town Map item handlers [:TOWNMAP]
[2026-05-30 12:20:43] Registered imported item TEF_KEISHOU_STORAGEDEVICE for keishou from STORAGEDEVICE
[2026-05-30 12:20:43] Registered imported item TEF_POKEMON_KEISHOU_STORAGEDEVICE for pokemon_keishou from STORAGEDEVICE
[2026-05-30 12:20:43] Registered imported item TEF_KEISHOU_CHARMCASE for keishou from CHARMCASE
[2026-05-30 12:20:43] Registered imported item TEF_POKEMON_KEISHOU_CHARMCASE for pokemon_keishou from CHARMCASE
[2026-05-30 12:20:43] Registered imported item TEF_KEISHOU_NOTEBOOK for keishou from NOTEBOOK
[2026-05-30 12:20:43] Registered imported item TEF_POKEMON_KEISHOU_NOTEBOOK for pokemon_keishou from NOTEBOOK
[2026-05-30 12:20:43] Registered imported item TEF_KEISHOU_POKEBOWL for keishou from POKEBOWL
[2026-05-30 12:20:43] Registered imported item TEF_POKEMON_KEISHOU_POKEBOWL for pokemon_keishou from POKEBOWL
[2026-05-30 12:20:43] Registered imported item TEF_KEISHOU_ITEMCRAFTINGBAG for keishou from ITEMCRAFTINGBAG
[2026-05-30 12:20:43] Registered imported item TEF_POKEMON_KEISHOU_ITEMCRAFTINGBAG for pokemon_keishou from ITEMCRAFTINGBAG
[2026-05-30 12:20:43] Registered imported item TEF_KEISHOU_BATTLECRAFTINGBAG for keishou from BATTLECRAFTINGBAG
[2026-05-30 12:20:43] Registered imported item TEF_POKEMON_KEISHOU_BATTLECRAFTINGBAG for pokemon_keishou from BATTLECRAFTINGBAG
[2026-05-30 12:20:43] Registered imported item TEF_KEISHOU_TERACRAFTINGBAG for keishou from TERACRAFTINGBAG
[2026-05-30 12:20:43] Registered imported item TEF_POKEMON_KEISHOU_TERACRAFTINGBAG for pokemon_keishou from TERACRAFTINGBAG
[2026-05-30 12:20:43] Registered imported item TEF_KEISHOU_MEGACRAFTINGBAG for keishou from MEGACRAFTINGBAG
[2026-05-30 12:20:43] Registered imported item TEF_POKEMON_KEISHOU_MEGACRAFTINGBAG for pokemon_keishou from MEGACRAFTINGBAG
[2026-05-30 12:20:43] Registered imported item TEF_KEISHOU_TMCRAFTINGLENSCOPPER for keishou from TMCRAFTINGLENSCOPPER
[2026-05-30 12:20:43] Registered imported item TEF_POKEMON_KEISHOU_TMCRAFTINGLENSCOPPER for pokemon_keishou from TMCRAFTINGLENSCOPPER
[2026-05-30 12:20:43] Registered imported item TEF_KEISHOU_TMCRAFTINGLENSSILVER for keishou from TMCRAFTINGLENSSILVER
[2026-05-30 12:20:43] Registered imported item TEF_POKEMON_KEISHOU_TMCRAFTINGLENSSILVER for pokemon_keishou from TMCRAFTINGLENSSILVER
[2026-05-30 12:20:43] Registered imported item TEF_KEISHOU_TMCRAFTINGLENSGOLD for keishou from TMCRAFTINGLENSGOLD
[2026-05-30 12:20:43] Registered imported item TEF_POKEMON_KEISHOU_TMCRAFTINGLENSGOLD for pokemon_keishou from TMCRAFTINGLENSGOLD
[2026-05-30 12:20:43] Registered imported item TEF_KEISHOU_TMCRAFTINGLENSPLATINUM for keishou from TMCRAFTINGLENSPLATINUM
[2026-05-30 12:20:43] Registered imported item TEF_POKEMON_KEISHOU_TMCRAFTINGLENSPLATINUM for pokemon_keishou from TMCRAFTINGLENSPLATINUM
[2026-05-30 12:20:43] Registered imported item TEF_KEISHOU_APRICORNCHARM for keishou from APRICORNCHARM
[2026-05-30 12:20:43] Registered imported item TEF_POKEMON_KEISHOU_APRICORNCHARM for pokemon_keishou from APRICORNCHARM
[2026-05-30 12:20:43] Registered imported item TEF_KEISHOU_BALANCECHARM for keishou from BALANCECHARM
[2026-05-30 12:20:43] Registered imported item TEF_POKEMON_KEISHOU_BALANCECHARM for pokemon_keishou from BALANCECHARM
[2026-05-30 12:20:43] Registered imported item TEF_KEISHOU_BERRYCHARM for keishou from BERRYCHARM
[2026-05-30 12:20:43] Registered imported item TEF_POKEMON_KEISHOU_BERRYCHARM for pokemon_keishou from BERRYCHARM
[2026-05-30 12:20:43] Registered imported item TEF_KEISHOU_CATCHINGCHARM for keishou from CATCHINGCHARM
[2026-05-30 12:20:43] Registered imported item TEF_POKEMON_KEISHOU_CATCHINGCHARM for pokemon_keishou from CATCHINGCHARM
[2026-05-30 12:20:43] Registered imported item TEF_KEISHOU_CLOVERCHARM for keishou from CLOVERCHARM
[2026-05-30 12:20:43] Registered imported item TEF_POKEMON_KEISHOU_CLOVERCHARM for pokemon_keishou from CLOVERCHARM
[2026-05-30 12:20:43] Registered imported item TEF_KEISHOU_COINCHARM for keishou from COINCHARM
[2026-05-30 12:20:43] Registered imported item TEF_POKEMON_KEISHOU_COINCHARM for pokemon_keishou from COINCHARM
[2026-05-30 12:20:43] Registered imported item TEF_KEISHOU_COLORCHARM for keishou from COLORCHARM
[2026-05-30 12:20:43] Registered imported item TEF_POKEMON_KEISHOU_COLORCHARM for pokemon_keishou from COLORCHARM
[2026-05-30 12:20:43] Registered imported item TEF_KEISHOU_CONTESTCHARM for keishou from CONTESTCHARM
[2026-05-30 12:20:43] Registered imported item TEF_POKEMON_KEISHOU_CONTESTCHARM for pokemon_keishou from CONTESTCHARM
[2026-05-30 12:20:43] Registered imported item TEF_KEISHOU_CORRUPTCHARM for keishou from CORRUPTCHARM
[2026-05-30 12:20:43] Registered imported item TEF_POKEMON_KEISHOU_CORRUPTCHARM for pokemon_keishou from CORRUPTCHARM
[2026-05-30 12:20:43] Registered imported item TEF_KEISHOU_CRAFTINGCHARM for keishou from CRAFTINGCHARM
[2026-05-30 12:20:43] Registered imported item TEF_POKEMON_KEISHOU_CRAFTINGCHARM for pokemon_keishou from CRAFTINGCHARM
[2026-05-30 12:20:43] Registered imported item TEF_KEISHOU_DISABLECHARM for keishou from DISABLECHARM
[2026-05-30 12:20:43] Registered imported item TEF_POKEMON_KEISHOU_DISABLECHARM for pokemon_keishou from DISABLECHARM
[2026-05-30 12:20:43] Registered imported item TEF_KEISHOU_EASYCHARM for keishou from EASYCHARM
[2026-05-30 12:20:43] Registered imported item TEF_POKEMON_KEISHOU_EASYCHARM for pokemon_keishou from EASYCHARM
[2026-05-30 12:20:43] Registered imported item TEF_KEISHOU_EFFORTCHARM for keishou from EFFORTCHARM
[2026-05-30 12:20:43] Registered imported item TEF_POKEMON_KEISHOU_EFFORTCHARM for pokemon_keishou from EFFORTCHARM
[2026-05-30 12:20:43] Registered imported item TEF_KEISHOU_EXPALLCHARM for keishou from EXPALLCHARM
[2026-05-30 12:20:43] Registered imported item TEF_POKEMON_KEISHOU_EXPALLCHARM for pokemon_keishou from EXPALLCHARM
[2026-05-30 12:20:43] Registered imported item TEF_KEISHOU_EXPCHARM for keishou from EXPCHARM
[2026-05-30 12:20:43] Registered imported item TEF_POKEMON_KEISHOU_EXPCHARM for pokemon_keishou from EXPCHARM
[2026-05-30 12:20:43] Registered imported item TEF_KEISHOU_FRUGALCHARM for keishou from FRUGALCHARM
[2026-05-30 12:20:43] Registered imported item TEF_POKEMON_KEISHOU_FRUGALCHARM for pokemon_keishou from FRUGALCHARM
[2026-05-30 12:20:43] Registered imported item TEF_KEISHOU_GENECHARM for keishou from GENECHARM
[2026-05-30 12:20:43] Registered imported item TEF_POKEMON_KEISHOU_GENECHARM for pokemon_keishou from GENECHARM
[2026-05-30 12:20:43] Registered imported item TEF_KEISHOU_GOLDCHARM for keishou from GOLDCHARM
[2026-05-30 12:20:43] Registered imported item TEF_POKEMON_KEISHOU_GOLDCHARM for pokemon_keishou from GOLDCHARM
[2026-05-30 12:20:43] Registered imported item TEF_KEISHOU_HARDCHARM for keishou from HARDCHARM
[2026-05-30 12:20:43] Registered imported item TEF_POKEMON_KEISHOU_HARDCHARM for pokemon_keishou from HARDCHARM
[2026-05-30 12:20:43] Registered imported item TEF_KEISHOU_HEALINGCHARM for keishou from HEALINGCHARM
[2026-05-30 12:20:43] Registered imported item TEF_POKEMON_KEISHOU_HEALINGCHARM for pokemon_keishou from HEALINGCHARM
[2026-05-30 12:20:43] Registered imported item TEF_KEISHOU_HEARTCHARM for keishou from HEARTCHARM
[2026-05-30 12:20:43] Registered imported item TEF_POKEMON_KEISHOU_HEARTCHARM for pokemon_keishou from HEARTCHARM
[2026-05-30 12:20:43] Registered imported item TEF_KEISHOU_HUNTERSCHARM for keishou from HUNTERSCHARM
[2026-05-30 12:20:43] Registered imported item TEF_POKEMON_KEISHOU_HUNTERSCHARM for pokemon_keishou from HUNTERSCHARM
[2026-05-30 12:20:43] Registered imported item TEF_KEISHOU_IVCHARM for keishou from IVCHARM
[2026-05-30 12:20:43] Registered imported item TEF_POKEMON_KEISHOU_IVCHARM for pokemon_keishou from IVCHARM
[2026-05-30 12:20:43] Registered imported item TEF_KEISHOU_KEYCHARM for keishou from KEYCHARM
[2026-05-30 12:20:43] Registered imported item TEF_POKEMON_KEISHOU_KEYCHARM for pokemon_keishou from KEYCHARM
[2026-05-30 12:20:43] Registered imported item TEF_KEISHOU_LINKCHARM for keishou from LINKCHARM
[2026-05-30 12:20:43] Registered imported item TEF_POKEMON_KEISHOU_LINKCHARM for pokemon_keishou from LINKCHARM
[2026-05-30 12:20:43] Registered imported item TEF_KEISHOU_LURECHARM for keishou from LURECHARM
[2026-05-30 12:20:43] Registered imported item TEF_POKEMON_KEISHOU_LURECHARM for pokemon_keishou from LURECHARM
[2026-05-30 12:20:43] Registered imported item TEF_KEISHOU_MERCYCHARM for keishou from MERCYCHARM
[2026-05-30 12:20:43] Registered imported item TEF_POKEMON_KEISHOU_MERCYCHARM for pokemon_keishou from MERCYCHARM
[2026-05-30 12:20:43] Registered imported item TEF_KEISHOU_MININGCHARM for keishou from MININGCHARM
[2026-05-30 12:20:43] Registered imported item TEF_POKEMON_KEISHOU_MININGCHARM for pokemon_keishou from MININGCHARM
[2026-05-30 12:20:43] Registered imported item TEF_KEISHOU_NATURECHARM for keishou from NATURECHARM
[2026-05-30 12:20:43] Registered imported item TEF_POKEMON_KEISHOU_NATURECHARM for pokemon_keishou from NATURECHARM
[2026-05-30 12:20:43] Registered imported item TEF_KEISHOU_OVALCHARM for keishou from OVALCHARM
[2026-05-30 12:20:43] Registered imported item TEF_POKEMON_KEISHOU_OVALCHARM for pokemon_keishou from OVALCHARM
[2026-05-30 12:20:43] Registered imported item TEF_KEISHOU_POINTSCHARM for keishou from POINTSCHARM
[2026-05-30 12:20:43] Registered imported item TEF_POKEMON_KEISHOU_POINTSCHARM for pokemon_keishou from POINTSCHARM
[2026-05-30 12:20:43] Registered imported item TEF_KEISHOU_PROMOCHARM for keishou from PROMOCHARM
[2026-05-30 12:20:43] Registered imported item TEF_POKEMON_KEISHOU_PROMOCHARM for pokemon_keishou from PROMOCHARM
[2026-05-30 12:20:43] Registered imported item TEF_KEISHOU_PURIFYCHARM for keishou from PURIFYCHARM
[2026-05-30 12:20:43] Registered imported item TEF_POKEMON_KEISHOU_PURIFYCHARM for pokemon_keishou from PURIFYCHARM
[2026-05-30 12:20:43] Registered imported item TEF_KEISHOU_RESISTORCHARM for keishou from RESISTORCHARM
[2026-05-30 12:20:43] Registered imported item TEF_POKEMON_KEISHOU_RESISTORCHARM for pokemon_keishou from RESISTORCHARM
[2026-05-30 12:20:43] Registered imported item TEF_KEISHOU_ROAMINGCHARM for keishou from ROAMINGCHARM
[2026-05-30 12:20:43] Registered imported item TEF_POKEMON_KEISHOU_ROAMINGCHARM for pokemon_keishou from ROAMINGCHARM
[2026-05-30 12:20:43] Registered imported item TEF_KEISHOU_SAFARICHARM for keishou from SAFARICHARM
[2026-05-30 12:20:43] Registered imported item TEF_POKEMON_KEISHOU_SAFARICHARM for pokemon_keishou from SAFARICHARM
[2026-05-30 12:20:43] Registered imported item TEF_KEISHOU_SHINYCHARM for keishou from SHINYCHARM
[2026-05-30 12:20:43] Registered imported item TEF_POKEMON_KEISHOU_SHINYCHARM for pokemon_keishou from SHINYCHARM
[2026-05-30 12:20:43] Registered imported item TEF_KEISHOU_SLOTSCHARM for keishou from SLOTSCHARM
[2026-05-30 12:20:43] Registered imported item TEF_POKEMON_KEISHOU_SLOTSCHARM for pokemon_keishou from SLOTSCHARM
[2026-05-30 12:20:43] Registered imported item TEF_KEISHOU_SMARTCHARM for keishou from SMARTCHARM
[2026-05-30 12:20:43] Registered imported item TEF_POKEMON_KEISHOU_SMARTCHARM for pokemon_keishou from SMARTCHARM
[2026-05-30 12:20:43] Registered imported item TEF_KEISHOU_SPIRITCHARM for keishou from SPIRITCHARM
[2026-05-30 12:20:43] Registered imported item TEF_POKEMON_KEISHOU_SPIRITCHARM for pokemon_keishou from SPIRITCHARM
[2026-05-30 12:20:43] Registered imported item TEF_KEISHOU_STABCHARM for keishou from STABCHARM
[2026-05-30 12:20:43] Registered imported item TEF_POKEMON_KEISHOU_STABCHARM for pokemon_keishou from STABCHARM
[2026-05-30 12:20:43] Registered imported item TEF_KEISHOU_STEPCHARM for keishou from STEPCHARM
[2026-05-30 12:20:43] Registered imported item TEF_POKEMON_KEISHOU_STEPCHARM for pokemon_keishou from STEPCHARM
[2026-05-30 12:20:43] Registered imported item TEF_KEISHOU_TRADINGCHARM for keishou from TRADINGCHARM
[2026-05-30 12:20:43] Registered imported item TEF_POKEMON_KEISHOU_TRADINGCHARM for pokemon_keishou from TRADINGCHARM
[2026-05-30 12:20:43] Registered imported item TEF_KEISHOU_TRIPTRIADCHARM for keishou from TRIPTRIADCHARM
[2026-05-30 12:20:43] Registered imported item TEF_POKEMON_KEISHOU_TRIPTRIADCHARM for pokemon_keishou from TRIPTRIADCHARM
[2026-05-30 12:20:43] Registered imported item TEF_KEISHOU_TWINCHARM for keishou from TWINCHARM
[2026-05-30 12:20:43] Registered imported item TEF_POKEMON_KEISHOU_TWINCHARM for pokemon_keishou from TWINCHARM
[2026-05-30 12:20:43] Registered imported item TEF_KEISHOU_VIRALCHARM for keishou from VIRALCHARM
[2026-05-30 12:20:43] Registered imported item TEF_POKEMON_KEISHOU_VIRALCHARM for pokemon_keishou from VIRALCHARM
[2026-05-30 12:20:43] Registered imported item TEF_KEISHOU_WISHINGCHARM for keishou from WISHINGCHARM
[2026-05-30 12:20:43] Registered imported item TEF_POKEMON_KEISHOU_WISHINGCHARM for pokemon_keishou from WISHINGCHARM
[2026-05-30 12:20:43] Registered imported item TEF_KEISHOU_ELEMENTCHARM for keishou from ELEMENTCHARM
[2026-05-30 12:20:43] Registered imported item TEF_POKEMON_KEISHOU_ELEMENTCHARM for pokemon_keishou from ELEMENTCHARM
[2026-05-30 12:20:43] Registered imported item TEF_KEISHOU_BUGCHARM for keishou from BUGCHARM
[2026-05-30 12:20:43] Registered imported item TEF_POKEMON_KEISHOU_BUGCHARM for pokemon_keishou from BUGCHARM
[2026-05-30 12:20:43] Registered imported item TEF_KEISHOU_DARKCHARM for keishou from DARKCHARM
[2026-05-30 12:20:43] Registered imported item TEF_POKEMON_KEISHOU_DARKCHARM for pokemon_keishou from DARKCHARM
[2026-05-30 12:20:43] Registered imported item TEF_KEISHOU_DRAGONCHARM for keishou from DRAGONCHARM
[2026-05-30 12:20:43] Registered imported item TEF_POKEMON_KEISHOU_DRAGONCHARM for pokemon_keishou from DRAGONCHARM
[2026-05-30 12:20:43] Registered imported item TEF_KEISHOU_ELECTRICCHARM for keishou from ELECTRICCHARM
[2026-05-30 12:20:43] Registered imported item TEF_POKEMON_KEISHOU_ELECTRICCHARM for pokemon_keishou from ELECTRICCHARM
[2026-05-30 12:20:43] Registered imported item TEF_KEISHOU_FAIRYCHARM for keishou from FAIRYCHARM
[2026-05-30 12:20:43] Registered imported item TEF_POKEMON_KEISHOU_FAIRYCHARM for pokemon_keishou from FAIRYCHARM
[2026-05-30 12:20:43] Registered imported item TEF_KEISHOU_FIGHTINGCHARM for keishou from FIGHTINGCHARM
[2026-05-30 12:20:43] Registered imported item TEF_POKEMON_KEISHOU_FIGHTINGCHARM for pokemon_keishou from FIGHTINGCHARM
[2026-05-30 12:20:43] Registered imported item TEF_KEISHOU_FIRECHARM for keishou from FIRECHARM
[2026-05-30 12:20:43] Registered imported item TEF_POKEMON_KEISHOU_FIRECHARM for pokemon_keishou from FIRECHARM
[2026-05-30 12:20:43] Registered imported item TEF_KEISHOU_FLYINGCHARM for keishou from FLYINGCHARM
[2026-05-30 12:20:43] Registered imported item TEF_POKEMON_KEISHOU_FLYINGCHARM for pokemon_keishou from FLYINGCHARM
[2026-05-30 12:20:43] Registered imported item TEF_KEISHOU_GHOSTCHARM for keishou from GHOSTCHARM
[2026-05-30 12:20:43] Registered imported item TEF_POKEMON_KEISHOU_GHOSTCHARM for pokemon_keishou from GHOSTCHARM
[2026-05-30 12:20:43] Registered imported item TEF_KEISHOU_GRASSCHARM for keishou from GRASSCHARM
[2026-05-30 12:20:43] Registered imported item TEF_POKEMON_KEISHOU_GRASSCHARM for pokemon_keishou from GRASSCHARM
[2026-05-30 12:20:43] Registered imported item TEF_KEISHOU_GROUNDCHARM for keishou from GROUNDCHARM
[2026-05-30 12:20:43] Registered imported item TEF_POKEMON_KEISHOU_GROUNDCHARM for pokemon_keishou from GROUNDCHARM
[2026-05-30 12:20:43] Registered imported item TEF_KEISHOU_ICECHARM for keishou from ICECHARM
[2026-05-30 12:20:43] Registered imported item TEF_POKEMON_KEISHOU_ICECHARM for pokemon_keishou from ICECHARM
[2026-05-30 12:20:43] Registered imported item TEF_KEISHOU_NORMALCHARM for keishou from NORMALCHARM
[2026-05-30 12:20:43] Registered imported item TEF_POKEMON_KEISHOU_NORMALCHARM for pokemon_keishou from NORMALCHARM
[2026-05-30 12:20:43] Registered imported item TEF_KEISHOU_PSYCHICCHARM for keishou from PSYCHICCHARM
[2026-05-30 12:20:43] Registered imported item TEF_POKEMON_KEISHOU_PSYCHICCHARM for pokemon_keishou from PSYCHICCHARM
[2026-05-30 12:20:43] Registered imported item TEF_KEISHOU_POISONCHARM for keishou from POISONCHARM
[2026-05-30 12:20:43] Registered imported item TEF_POKEMON_KEISHOU_POISONCHARM for pokemon_keishou from POISONCHARM
[2026-05-30 12:20:43] Registered imported item TEF_KEISHOU_ROCKCHARM for keishou from ROCKCHARM
[2026-05-30 12:20:43] Registered imported item TEF_POKEMON_KEISHOU_ROCKCHARM for pokemon_keishou from ROCKCHARM
[2026-05-30 12:20:43] Registered imported item TEF_KEISHOU_STEELCHARM for keishou from STEELCHARM
[2026-05-30 12:20:43] Registered imported item TEF_POKEMON_KEISHOU_STEELCHARM for pokemon_keishou from STEELCHARM
[2026-05-30 12:20:43] Registered imported item TEF_KEISHOU_WATERCHARM for keishou from WATERCHARM
[2026-05-30 12:20:43] Registered imported item TEF_POKEMON_KEISHOU_WATERCHARM for pokemon_keishou from WATERCHARM
[2026-05-30 12:20:43] [keishou] Charm Case, Storage Device, crafting, and Notebook compatibility loaded
[2026-05-30 12:20:43] [darkhorizon] compatibility shims loaded
[2026-05-30 12:22:10] [load] rebuilt host authoritative save location 78 for host before scene start
[2026-05-30 12:27:56] [load] rebuilt host authoritative save location 78 for host before scene start
[2026-06-12 07:27:52] 012_TrainerCompatibility begin load from C:/Program Files (x86)/Steam/steamapps/common/Kuray's Infinite Fusion (KIF)/kurayshinyrevamp/Mods/travel_expansion_framework/012_TrainerCompatibility.rb
[2026-06-12 07:27:52] 012_TrainerCompatibility availability pbLoadTrainer="method" pbTrainerBattleCore="method" pbTrainerBattle="method" pbDoubleTrainerBattle="method" pbTripleTrainerBattle="method" pbMissingTrainer="method"
[2026-06-12 07:27:52] 012_TrainerCompatibility loaded from C:/Program Files (x86)/Steam/steamapps/common/Kuray's Infinite Fusion (KIF)/kurayshinyrevamp/Mods/travel_expansion_framework/012_TrainerCompatibility.rb
[2026-06-12 07:27:52] 018_HostQuestCompatibility loaded from C:/Program Files (x86)/Steam/steamapps/common/Kuray's Infinite Fusion (KIF)/kurayshinyrevamp/Mods/travel_expansion_framework/018_HostQuestCompatibility.rb
[2026-06-12 07:27:52] 019_TrainerRuntimeHotfixes loaded from C:/Program Files (x86)/Steam/steamapps/common/Kuray's Infinite Fusion (KIF)/kurayshinyrevamp/Mods/travel_expansion_framework/019_TrainerRuntimeHotfixes.rb
[2026-06-12 07:27:52] 021_InterpreterStateSafety loaded from C:/Program Files (x86)/Steam/steamapps/common/Kuray's Infinite Fusion (KIF)/kurayshinyrevamp/Mods/travel_expansion_framework/021_InterpreterStateSafety.rb
[2026-06-12 07:27:52] 022_LoadMapVisualSafety loaded from C:/Program Files (x86)/Steam/steamapps/common/Kuray's Infinite Fusion (KIF)/kurayshinyrevamp/Mods/travel_expansion_framework/022_LoadMapVisualSafety.rb
[2026-06-12 07:27:52] [hollow_woods] applied host-safe game mode defaults from load
[2026-06-12 07:27:52] Registered imported item TEF_ANIL_POKERIDER for anil from POKERIDER
[2026-06-12 07:27:52] Registered imported item TEF_ANIL_POKERADAR for anil from POKERADAR
[2026-06-12 07:27:52] Registered imported item TEF_ANIL_RADAR for anil from RADAR
[2026-06-12 07:27:52] Registered imported item TEF_ANIL_ALBUMFOTOS for anil from ALBUMFOTOS
[2026-06-12 07:27:52] Registered imported item TEF_ANIL_EGGHATCHER for anil from EGGHATCHER
[2026-06-12 07:27:52] Registered imported item TEF_ANIL_ROCKSMASHITEM for anil from ROCKSMASHITEM
[2026-06-12 07:27:52] [anil] registered Anil key item handlers ["POKERIDER:TEF_ANIL_POKERIDER", "POKERADAR:TEF_ANIL_POKERADAR", "RADAR:TEF_ANIL_RADAR", "ALBUMFOTOS:TEF_ANIL_ALBUMFOTOS", "EGGHATCHER:TEF_ANIL_EGGHATCHER", "ROCKSMASHITEM:TEF_ANIL_ROCKSMASHITEM"]
[2026-06-12 07:27:52] [town_map] registered world-aware Town Map item handlers [:TOWNMAP]
[2026-06-12 07:27:52] Registered imported item TEF_KEISHOU_STORAGEDEVICE for keishou from STORAGEDEVICE
[2026-06-12 07:27:52] Registered imported item TEF_POKEMON_KEISHOU_STORAGEDEVICE for pokemon_keishou from STORAGEDEVICE
[2026-06-12 07:27:52] Registered imported item TEF_KEISHOU_CHARMCASE for keishou from CHARMCASE
[2026-06-12 07:27:52] Registered imported item TEF_POKEMON_KEISHOU_CHARMCASE for pokemon_keishou from CHARMCASE
[2026-06-12 07:27:52] Registered imported item TEF_KEISHOU_NOTEBOOK for keishou from NOTEBOOK
[2026-06-12 07:27:52] Registered imported item TEF_POKEMON_KEISHOU_NOTEBOOK for pokemon_keishou from NOTEBOOK
[2026-06-12 07:27:52] Registered imported item TEF_KEISHOU_POKEBOWL for keishou from POKEBOWL
[2026-06-12 07:27:52] Registered imported item TEF_POKEMON_KEISHOU_POKEBOWL for pokemon_keishou from POKEBOWL
[2026-06-12 07:27:52] Registered imported item TEF_KEISHOU_ITEMCRAFTINGBAG for keishou from ITEMCRAFTINGBAG
[2026-06-12 07:27:52] Registered imported item TEF_POKEMON_KEISHOU_ITEMCRAFTINGBAG for pokemon_keishou from ITEMCRAFTINGBAG
[2026-06-12 07:27:52] Registered imported item TEF_KEISHOU_BATTLECRAFTINGBAG for keishou from BATTLECRAFTINGBAG
[2026-06-12 07:27:52] Registered imported item TEF_POKEMON_KEISHOU_BATTLECRAFTINGBAG for pokemon_keishou from BATTLECRAFTINGBAG
[2026-06-12 07:27:52] Registered imported item TEF_KEISHOU_TERACRAFTINGBAG for keishou from TERACRAFTINGBAG
[2026-06-12 07:27:52] Registered imported item TEF_POKEMON_KEISHOU_TERACRAFTINGBAG for pokemon_keishou from TERACRAFTINGBAG
[2026-06-12 07:27:52] Registered imported item TEF_KEISHOU_MEGACRAFTINGBAG for keishou from MEGACRAFTINGBAG
[2026-06-12 07:27:52] Registered imported item TEF_POKEMON_KEISHOU_MEGACRAFTINGBAG for pokemon_keishou from MEGACRAFTINGBAG
[2026-06-12 07:27:52] Registered imported item TEF_KEISHOU_TMCRAFTINGLENSCOPPER for keishou from TMCRAFTINGLENSCOPPER
[2026-06-12 07:27:52] Registered imported item TEF_POKEMON_KEISHOU_TMCRAFTINGLENSCOPPER for pokemon_keishou from TMCRAFTINGLENSCOPPER
[2026-06-12 07:27:52] Registered imported item TEF_KEISHOU_TMCRAFTINGLENSSILVER for keishou from TMCRAFTINGLENSSILVER
[2026-06-12 07:27:52] Registered imported item TEF_POKEMON_KEISHOU_TMCRAFTINGLENSSILVER for pokemon_keishou from TMCRAFTINGLENSSILVER
[2026-06-12 07:27:52] Registered imported item TEF_KEISHOU_TMCRAFTINGLENSGOLD for keishou from TMCRAFTINGLENSGOLD
[2026-06-12 07:27:52] Registered imported item TEF_POKEMON_KEISHOU_TMCRAFTINGLENSGOLD for pokemon_keishou from TMCRAFTINGLENSGOLD
[2026-06-12 07:27:52] Registered imported item TEF_KEISHOU_TMCRAFTINGLENSPLATINUM for keishou from TMCRAFTINGLENSPLATINUM
[2026-06-12 07:27:52] Registered imported item TEF_POKEMON_KEISHOU_TMCRAFTINGLENSPLATINUM for pokemon_keishou from TMCRAFTINGLENSPLATINUM
[2026-06-12 07:27:52] Registered imported item TEF_KEISHOU_APRICORNCHARM for keishou from APRICORNCHARM
[2026-06-12 07:27:52] Registered imported item TEF_POKEMON_KEISHOU_APRICORNCHARM for pokemon_keishou from APRICORNCHARM
[2026-06-12 07:27:52] Registered imported item TEF_KEISHOU_BALANCECHARM for keishou from BALANCECHARM
[2026-06-12 07:27:52] Registered imported item TEF_POKEMON_KEISHOU_BALANCECHARM for pokemon_keishou from BALANCECHARM
[2026-06-12 07:27:52] Registered imported item TEF_KEISHOU_BERRYCHARM for keishou from BERRYCHARM
[2026-06-12 07:27:52] Registered imported item TEF_POKEMON_KEISHOU_BERRYCHARM for pokemon_keishou from BERRYCHARM
[2026-06-12 07:27:52] Registered imported item TEF_KEISHOU_CATCHINGCHARM for keishou from CATCHINGCHARM
[2026-06-12 07:27:52] Registered imported item TEF_POKEMON_KEISHOU_CATCHINGCHARM for pokemon_keishou from CATCHINGCHARM
[2026-06-12 07:27:52] Registered imported item TEF_KEISHOU_CLOVERCHARM for keishou from CLOVERCHARM
[2026-06-12 07:27:52] Registered imported item TEF_POKEMON_KEISHOU_CLOVERCHARM for pokemon_keishou from CLOVERCHARM
[2026-06-12 07:27:52] Registered imported item TEF_KEISHOU_COINCHARM for keishou from COINCHARM
[2026-06-12 07:27:52] Registered imported item TEF_POKEMON_KEISHOU_COINCHARM for pokemon_keishou from COINCHARM
[2026-06-12 07:27:52] Registered imported item TEF_KEISHOU_COLORCHARM for keishou from COLORCHARM
[2026-06-12 07:27:52] Registered imported item TEF_POKEMON_KEISHOU_COLORCHARM for pokemon_keishou from COLORCHARM
[2026-06-12 07:27:52] Registered imported item TEF_KEISHOU_CONTESTCHARM for keishou from CONTESTCHARM
[2026-06-12 07:27:52] Registered imported item TEF_POKEMON_KEISHOU_CONTESTCHARM for pokemon_keishou from CONTESTCHARM
[2026-06-12 07:27:52] Registered imported item TEF_KEISHOU_CORRUPTCHARM for keishou from CORRUPTCHARM
[2026-06-12 07:27:52] Registered imported item TEF_POKEMON_KEISHOU_CORRUPTCHARM for pokemon_keishou from CORRUPTCHARM
[2026-06-12 07:27:52] Registered imported item TEF_KEISHOU_CRAFTINGCHARM for keishou from CRAFTINGCHARM
[2026-06-12 07:27:52] Registered imported item TEF_POKEMON_KEISHOU_CRAFTINGCHARM for pokemon_keishou from CRAFTINGCHARM
[2026-06-12 07:27:52] Registered imported item TEF_KEISHOU_DISABLECHARM for keishou from DISABLECHARM
[2026-06-12 07:27:52] Registered imported item TEF_POKEMON_KEISHOU_DISABLECHARM for pokemon_keishou from DISABLECHARM
[2026-06-12 07:27:52] Registered imported item TEF_KEISHOU_EASYCHARM for keishou from EASYCHARM
[2026-06-12 07:27:52] Registered imported item TEF_POKEMON_KEISHOU_EASYCHARM for pokemon_keishou from EASYCHARM
[2026-06-12 07:27:52] Registered imported item TEF_KEISHOU_EFFORTCHARM for keishou from EFFORTCHARM
[2026-06-12 07:27:52] Registered imported item TEF_POKEMON_KEISHOU_EFFORTCHARM for pokemon_keishou from EFFORTCHARM
[2026-06-12 07:27:52] Registered imported item TEF_KEISHOU_EXPALLCHARM for keishou from EXPALLCHARM
[2026-06-12 07:27:52] Registered imported item TEF_POKEMON_KEISHOU_EXPALLCHARM for pokemon_keishou from EXPALLCHARM
[2026-06-12 07:27:52] Registered imported item TEF_KEISHOU_EXPCHARM for keishou from EXPCHARM
[2026-06-12 07:27:52] Registered imported item TEF_POKEMON_KEISHOU_EXPCHARM for pokemon_keishou from EXPCHARM
[2026-06-12 07:27:52] Registered imported item TEF_KEISHOU_FRUGALCHARM for keishou from FRUGALCHARM
[2026-06-12 07:27:52] Registered imported item TEF_POKEMON_KEISHOU_FRUGALCHARM for pokemon_keishou from FRUGALCHARM
[2026-06-12 07:27:52] Registered imported item TEF_KEISHOU_GENECHARM for keishou from GENECHARM
[2026-06-12 07:27:52] Registered imported item TEF_POKEMON_KEISHOU_GENECHARM for pokemon_keishou from GENECHARM
[2026-06-12 07:27:52] Registered imported item TEF_KEISHOU_GOLDCHARM for keishou from GOLDCHARM
[2026-06-12 07:27:52] Registered imported item TEF_POKEMON_KEISHOU_GOLDCHARM for pokemon_keishou from GOLDCHARM
[2026-06-12 07:27:52] Registered imported item TEF_KEISHOU_HARDCHARM for keishou from HARDCHARM
[2026-06-12 07:27:52] Registered imported item TEF_POKEMON_KEISHOU_HARDCHARM for pokemon_keishou from HARDCHARM
[2026-06-12 07:27:52] Registered imported item TEF_KEISHOU_HEALINGCHARM for keishou from HEALINGCHARM
[2026-06-12 07:27:52] Registered imported item TEF_POKEMON_KEISHOU_HEALINGCHARM for pokemon_keishou from HEALINGCHARM
[2026-06-12 07:27:52] Registered imported item TEF_KEISHOU_HEARTCHARM for keishou from HEARTCHARM
[2026-06-12 07:27:52] Registered imported item TEF_POKEMON_KEISHOU_HEARTCHARM for pokemon_keishou from HEARTCHARM
[2026-06-12 07:27:52] Registered imported item TEF_KEISHOU_HUNTERSCHARM for keishou from HUNTERSCHARM
[2026-06-12 07:27:52] Registered imported item TEF_POKEMON_KEISHOU_HUNTERSCHARM for pokemon_keishou from HUNTERSCHARM
[2026-06-12 07:27:52] Registered imported item TEF_KEISHOU_IVCHARM for keishou from IVCHARM
[2026-06-12 07:27:52] Registered imported item TEF_POKEMON_KEISHOU_IVCHARM for pokemon_keishou from IVCHARM
[2026-06-12 07:27:52] Registered imported item TEF_KEISHOU_KEYCHARM for keishou from KEYCHARM
[2026-06-12 07:27:52] Registered imported item TEF_POKEMON_KEISHOU_KEYCHARM for pokemon_keishou from KEYCHARM
[2026-06-12 07:27:52] Registered imported item TEF_KEISHOU_LINKCHARM for keishou from LINKCHARM
[2026-06-12 07:27:52] Registered imported item TEF_POKEMON_KEISHOU_LINKCHARM for pokemon_keishou from LINKCHARM
[2026-06-12 07:27:52] Registered imported item TEF_KEISHOU_LURECHARM for keishou from LURECHARM
[2026-06-12 07:27:52] Registered imported item TEF_POKEMON_KEISHOU_LURECHARM for pokemon_keishou from LURECHARM
[2026-06-12 07:27:52] Registered imported item TEF_KEISHOU_MERCYCHARM for keishou from MERCYCHARM
[2026-06-12 07:27:52] Registered imported item TEF_POKEMON_KEISHOU_MERCYCHARM for pokemon_keishou from MERCYCHARM
[2026-06-12 07:27:52] Registered imported item TEF_KEISHOU_MININGCHARM for keishou from MININGCHARM
[2026-06-12 07:27:52] Registered imported item TEF_POKEMON_KEISHOU_MININGCHARM for pokemon_keishou from MININGCHARM
[2026-06-12 07:27:52] Registered imported item TEF_KEISHOU_NATURECHARM for keishou from NATURECHARM
[2026-06-12 07:27:52] Registered imported item TEF_POKEMON_KEISHOU_NATURECHARM for pokemon_keishou from NATURECHARM
[2026-06-12 07:27:52] Registered imported item TEF_KEISHOU_OVALCHARM for keishou from OVALCHARM
[2026-06-12 07:27:52] Registered imported item TEF_POKEMON_KEISHOU_OVALCHARM for pokemon_keishou from OVALCHARM
[2026-06-12 07:27:52] Registered imported item TEF_KEISHOU_POINTSCHARM for keishou from POINTSCHARM
[2026-06-12 07:27:52] Registered imported item TEF_POKEMON_KEISHOU_POINTSCHARM for pokemon_keishou from POINTSCHARM
[2026-06-12 07:27:52] Registered imported item TEF_KEISHOU_PROMOCHARM for keishou from PROMOCHARM
[2026-06-12 07:27:52] Registered imported item TEF_POKEMON_KEISHOU_PROMOCHARM for pokemon_keishou from PROMOCHARM
[2026-06-12 07:27:52] Registered imported item TEF_KEISHOU_PURIFYCHARM for keishou from PURIFYCHARM
[2026-06-12 07:27:52] Registered imported item TEF_POKEMON_KEISHOU_PURIFYCHARM for pokemon_keishou from PURIFYCHARM
[2026-06-12 07:27:52] Registered imported item TEF_KEISHOU_RESISTORCHARM for keishou from RESISTORCHARM
[2026-06-12 07:27:52] Registered imported item TEF_POKEMON_KEISHOU_RESISTORCHARM for pokemon_keishou from RESISTORCHARM
[2026-06-12 07:27:52] Registered imported item TEF_KEISHOU_ROAMINGCHARM for keishou from ROAMINGCHARM
[2026-06-12 07:27:52] Registered imported item TEF_POKEMON_KEISHOU_ROAMINGCHARM for pokemon_keishou from ROAMINGCHARM
[2026-06-12 07:27:52] Registered imported item TEF_KEISHOU_SAFARICHARM for keishou from SAFARICHARM
[2026-06-12 07:27:52] Registered imported item TEF_POKEMON_KEISHOU_SAFARICHARM for pokemon_keishou from SAFARICHARM
[2026-06-12 07:27:52] Registered imported item TEF_KEISHOU_SHINYCHARM for keishou from SHINYCHARM
[2026-06-12 07:27:52] Registered imported item TEF_POKEMON_KEISHOU_SHINYCHARM for pokemon_keishou from SHINYCHARM
[2026-06-12 07:27:52] Registered imported item TEF_KEISHOU_SLOTSCHARM for keishou from SLOTSCHARM
[2026-06-12 07:27:52] Registered imported item TEF_POKEMON_KEISHOU_SLOTSCHARM for pokemon_keishou from SLOTSCHARM
[2026-06-12 07:27:52] Registered imported item TEF_KEISHOU_SMARTCHARM for keishou from SMARTCHARM
[2026-06-12 07:27:52] Registered imported item TEF_POKEMON_KEISHOU_SMARTCHARM for pokemon_keishou from SMARTCHARM
[2026-06-12 07:27:52] Registered imported item TEF_KEISHOU_SPIRITCHARM for keishou from SPIRITCHARM
[2026-06-12 07:27:52] Registered imported item TEF_POKEMON_KEISHOU_SPIRITCHARM for pokemon_keishou from SPIRITCHARM
[2026-06-12 07:27:52] Registered imported item TEF_KEISHOU_STABCHARM for keishou from STABCHARM
[2026-06-12 07:27:52] Registered imported item TEF_POKEMON_KEISHOU_STABCHARM for pokemon_keishou from STABCHARM
[2026-06-12 07:27:52] Registered imported item TEF_KEISHOU_STEPCHARM for keishou from STEPCHARM
[2026-06-12 07:27:52] Registered imported item TEF_POKEMON_KEISHOU_STEPCHARM for pokemon_keishou from STEPCHARM
[2026-06-12 07:27:52] Registered imported item TEF_KEISHOU_TRADINGCHARM for keishou from TRADINGCHARM
[2026-06-12 07:27:52] Registered imported item TEF_POKEMON_KEISHOU_TRADINGCHARM for pokemon_keishou from TRADINGCHARM
[2026-06-12 07:27:52] Registered imported item TEF_KEISHOU_TRIPTRIADCHARM for keishou from TRIPTRIADCHARM
[2026-06-12 07:27:52] Registered imported item TEF_POKEMON_KEISHOU_TRIPTRIADCHARM for pokemon_keishou from TRIPTRIADCHARM
[2026-06-12 07:27:52] Registered imported item TEF_KEISHOU_TWINCHARM for keishou from TWINCHARM
[2026-06-12 07:27:52] Registered imported item TEF_POKEMON_KEISHOU_TWINCHARM for pokemon_keishou from TWINCHARM
[2026-06-12 07:27:52] Registered imported item TEF_KEISHOU_VIRALCHARM for keishou from VIRALCHARM
[2026-06-12 07:27:52] Registered imported item TEF_POKEMON_KEISHOU_VIRALCHARM for pokemon_keishou from VIRALCHARM
[2026-06-12 07:27:52] Registered imported item TEF_KEISHOU_WISHINGCHARM for keishou from WISHINGCHARM
[2026-06-12 07:27:52] Registered imported item TEF_POKEMON_KEISHOU_WISHINGCHARM for pokemon_keishou from WISHINGCHARM
[2026-06-12 07:27:52] Registered imported item TEF_KEISHOU_ELEMENTCHARM for keishou from ELEMENTCHARM
[2026-06-12 07:27:52] Registered imported item TEF_POKEMON_KEISHOU_ELEMENTCHARM for pokemon_keishou from ELEMENTCHARM
[2026-06-12 07:27:52] Registered imported item TEF_KEISHOU_BUGCHARM for keishou from BUGCHARM
[2026-06-12 07:27:53] Registered imported item TEF_POKEMON_KEISHOU_BUGCHARM for pokemon_keishou from BUGCHARM
[2026-06-12 07:27:53] Registered imported item TEF_KEISHOU_DARKCHARM for keishou from DARKCHARM
[2026-06-12 07:27:53] Registered imported item TEF_POKEMON_KEISHOU_DARKCHARM for pokemon_keishou from DARKCHARM
[2026-06-12 07:27:53] Registered imported item TEF_KEISHOU_DRAGONCHARM for keishou from DRAGONCHARM
[2026-06-12 07:27:53] Registered imported item TEF_POKEMON_KEISHOU_DRAGONCHARM for pokemon_keishou from DRAGONCHARM
[2026-06-12 07:27:53] Registered imported item TEF_KEISHOU_ELECTRICCHARM for keishou from ELECTRICCHARM
[2026-06-12 07:27:53] Registered imported item TEF_POKEMON_KEISHOU_ELECTRICCHARM for pokemon_keishou from ELECTRICCHARM
[2026-06-12 07:27:53] Registered imported item TEF_KEISHOU_FAIRYCHARM for keishou from FAIRYCHARM
[2026-06-12 07:27:53] Registered imported item TEF_POKEMON_KEISHOU_FAIRYCHARM for pokemon_keishou from FAIRYCHARM
[2026-06-12 07:27:53] Registered imported item TEF_KEISHOU_FIGHTINGCHARM for keishou from FIGHTINGCHARM
[2026-06-12 07:27:53] Registered imported item TEF_POKEMON_KEISHOU_FIGHTINGCHARM for pokemon_keishou from FIGHTINGCHARM
[2026-06-12 07:27:53] Registered imported item TEF_KEISHOU_FIRECHARM for keishou from FIRECHARM
[2026-06-12 07:27:53] Registered imported item TEF_POKEMON_KEISHOU_FIRECHARM for pokemon_keishou from FIRECHARM
[2026-06-12 07:27:53] Registered imported item TEF_KEISHOU_FLYINGCHARM for keishou from FLYINGCHARM
[2026-06-12 07:27:53] Registered imported item TEF_POKEMON_KEISHOU_FLYINGCHARM for pokemon_keishou from FLYINGCHARM
[2026-06-12 07:27:53] Registered imported item TEF_KEISHOU_GHOSTCHARM for keishou from GHOSTCHARM
[2026-06-12 07:27:53] Registered imported item TEF_POKEMON_KEISHOU_GHOSTCHARM for pokemon_keishou from GHOSTCHARM
[2026-06-12 07:27:53] Registered imported item TEF_KEISHOU_GRASSCHARM for keishou from GRASSCHARM
[2026-06-12 07:27:53] Registered imported item TEF_POKEMON_KEISHOU_GRASSCHARM for pokemon_keishou from GRASSCHARM
[2026-06-12 07:27:53] Registered imported item TEF_KEISHOU_GROUNDCHARM for keishou from GROUNDCHARM
[2026-06-12 07:27:53] Registered imported item TEF_POKEMON_KEISHOU_GROUNDCHARM for pokemon_keishou from GROUNDCHARM
[2026-06-12 07:27:53] Registered imported item TEF_KEISHOU_ICECHARM for keishou from ICECHARM
[2026-06-12 07:27:53] Registered imported item TEF_POKEMON_KEISHOU_ICECHARM for pokemon_keishou from ICECHARM
[2026-06-12 07:27:53] Registered imported item TEF_KEISHOU_NORMALCHARM for keishou from NORMALCHARM
[2026-06-12 07:27:53] Registered imported item TEF_POKEMON_KEISHOU_NORMALCHARM for pokemon_keishou from NORMALCHARM
[2026-06-12 07:27:53] Registered imported item TEF_KEISHOU_PSYCHICCHARM for keishou from PSYCHICCHARM
[2026-06-12 07:27:53] Registered imported item TEF_POKEMON_KEISHOU_PSYCHICCHARM for pokemon_keishou from PSYCHICCHARM
[2026-06-12 07:27:53] Registered imported item TEF_KEISHOU_POISONCHARM for keishou from POISONCHARM
[2026-06-12 07:27:53] Registered imported item TEF_POKEMON_KEISHOU_POISONCHARM for pokemon_keishou from POISONCHARM
[2026-06-12 07:27:53] Registered imported item TEF_KEISHOU_ROCKCHARM for keishou from ROCKCHARM
[2026-06-12 07:27:53] Registered imported item TEF_POKEMON_KEISHOU_ROCKCHARM for pokemon_keishou from ROCKCHARM
[2026-06-12 07:27:53] Registered imported item TEF_KEISHOU_STEELCHARM for keishou from STEELCHARM
[2026-06-12 07:27:53] Registered imported item TEF_POKEMON_KEISHOU_STEELCHARM for pokemon_keishou from STEELCHARM
[2026-06-12 07:27:53] Registered imported item TEF_KEISHOU_WATERCHARM for keishou from WATERCHARM
[2026-06-12 07:27:53] Registered imported item TEF_POKEMON_KEISHOU_WATERCHARM for pokemon_keishou from WATERCHARM
[2026-06-12 07:27:53] [keishou] Charm Case, Storage Device, crafting, and Notebook compatibility loaded
[2026-06-12 07:27:53] [darkhorizon] compatibility shims loaded
[2026-06-12 07:28:30] [load] rebuilt host authoritative save location 78 for host before scene start
[2026-06-12 07:35:32] 012_TrainerCompatibility begin load from C:/Program Files (x86)/Steam/steamapps/common/Kuray's Infinite Fusion (KIF)/kurayshinyrevamp/Mods/travel_expansion_framework/012_TrainerCompatibility.rb
[2026-06-12 07:35:32] 012_TrainerCompatibility availability pbLoadTrainer="method" pbTrainerBattleCore="method" pbTrainerBattle="method" pbDoubleTrainerBattle="method" pbTripleTrainerBattle="method" pbMissingTrainer="method"
[2026-06-12 07:35:32] 012_TrainerCompatibility loaded from C:/Program Files (x86)/Steam/steamapps/common/Kuray's Infinite Fusion (KIF)/kurayshinyrevamp/Mods/travel_expansion_framework/012_TrainerCompatibility.rb
[2026-06-12 07:35:32] 018_HostQuestCompatibility loaded from C:/Program Files (x86)/Steam/steamapps/common/Kuray's Infinite Fusion (KIF)/kurayshinyrevamp/Mods/travel_expansion_framework/018_HostQuestCompatibility.rb
[2026-06-12 07:35:32] 019_TrainerRuntimeHotfixes loaded from C:/Program Files (x86)/Steam/steamapps/common/Kuray's Infinite Fusion (KIF)/kurayshinyrevamp/Mods/travel_expansion_framework/019_TrainerRuntimeHotfixes.rb
[2026-06-12 07:35:32] 021_InterpreterStateSafety loaded from C:/Program Files (x86)/Steam/steamapps/common/Kuray's Infinite Fusion (KIF)/kurayshinyrevamp/Mods/travel_expansion_framework/021_InterpreterStateSafety.rb
[2026-06-12 07:35:32] 022_LoadMapVisualSafety loaded from C:/Program Files (x86)/Steam/steamapps/common/Kuray's Infinite Fusion (KIF)/kurayshinyrevamp/Mods/travel_expansion_framework/022_LoadMapVisualSafety.rb
[2026-06-12 07:35:32] [hollow_woods] applied host-safe game mode defaults from load
[2026-06-12 07:35:32] Registered imported item TEF_ANIL_POKERIDER for anil from POKERIDER
[2026-06-12 07:35:32] Registered imported item TEF_ANIL_POKERADAR for anil from POKERADAR
[2026-06-12 07:35:32] Registered imported item TEF_ANIL_RADAR for anil from RADAR
[2026-06-12 07:35:32] Registered imported item TEF_ANIL_ALBUMFOTOS for anil from ALBUMFOTOS
[2026-06-12 07:35:32] Registered imported item TEF_ANIL_EGGHATCHER for anil from EGGHATCHER
[2026-06-12 07:35:32] Registered imported item TEF_ANIL_ROCKSMASHITEM for anil from ROCKSMASHITEM
[2026-06-12 07:35:32] [anil] registered Anil key item handlers ["POKERIDER:TEF_ANIL_POKERIDER", "POKERADAR:TEF_ANIL_POKERADAR", "RADAR:TEF_ANIL_RADAR", "ALBUMFOTOS:TEF_ANIL_ALBUMFOTOS", "EGGHATCHER:TEF_ANIL_EGGHATCHER", "ROCKSMASHITEM:TEF_ANIL_ROCKSMASHITEM"]
[2026-06-12 07:35:32] [town_map] registered world-aware Town Map item handlers [:TOWNMAP]
[2026-06-12 07:35:32] Registered imported item TEF_KEISHOU_STORAGEDEVICE for keishou from STORAGEDEVICE
[2026-06-12 07:35:32] Registered imported item TEF_POKEMON_KEISHOU_STORAGEDEVICE for pokemon_keishou from STORAGEDEVICE
[2026-06-12 07:35:32] Registered imported item TEF_KEISHOU_CHARMCASE for keishou from CHARMCASE
[2026-06-12 07:35:32] Registered imported item TEF_POKEMON_KEISHOU_CHARMCASE for pokemon_keishou from CHARMCASE
[2026-06-12 07:35:32] Registered imported item TEF_KEISHOU_NOTEBOOK for keishou from NOTEBOOK
[2026-06-12 07:35:32] Registered imported item TEF_POKEMON_KEISHOU_NOTEBOOK for pokemon_keishou from NOTEBOOK
[2026-06-12 07:35:32] Registered imported item TEF_KEISHOU_POKEBOWL for keishou from POKEBOWL
[2026-06-12 07:35:32] Registered imported item TEF_POKEMON_KEISHOU_POKEBOWL for pokemon_keishou from POKEBOWL
[2026-06-12 07:35:32] Registered imported item TEF_KEISHOU_ITEMCRAFTINGBAG for keishou from ITEMCRAFTINGBAG
[2026-06-12 07:35:32] Registered imported item TEF_POKEMON_KEISHOU_ITEMCRAFTINGBAG for pokemon_keishou from ITEMCRAFTINGBAG
[2026-06-12 07:35:32] Registered imported item TEF_KEISHOU_BATTLECRAFTINGBAG for keishou from BATTLECRAFTINGBAG
[2026-06-12 07:35:32] Registered imported item TEF_POKEMON_KEISHOU_BATTLECRAFTINGBAG for pokemon_keishou from BATTLECRAFTINGBAG
[2026-06-12 07:35:32] Registered imported item TEF_KEISHOU_TERACRAFTINGBAG for keishou from TERACRAFTINGBAG
[2026-06-12 07:35:32] Registered imported item TEF_POKEMON_KEISHOU_TERACRAFTINGBAG for pokemon_keishou from TERACRAFTINGBAG
[2026-06-12 07:35:32] Registered imported item TEF_KEISHOU_MEGACRAFTINGBAG for keishou from MEGACRAFTINGBAG
[2026-06-12 07:35:32] Registered imported item TEF_POKEMON_KEISHOU_MEGACRAFTINGBAG for pokemon_keishou from MEGACRAFTINGBAG
[2026-06-12 07:35:32] Registered imported item TEF_KEISHOU_TMCRAFTINGLENSCOPPER for keishou from TMCRAFTINGLENSCOPPER
[2026-06-12 07:35:32] Registered imported item TEF_POKEMON_KEISHOU_TMCRAFTINGLENSCOPPER for pokemon_keishou from TMCRAFTINGLENSCOPPER
[2026-06-12 07:35:32] Registered imported item TEF_KEISHOU_TMCRAFTINGLENSSILVER for keishou from TMCRAFTINGLENSSILVER
[2026-06-12 07:35:32] Registered imported item TEF_POKEMON_KEISHOU_TMCRAFTINGLENSSILVER for pokemon_keishou from TMCRAFTINGLENSSILVER
[2026-06-12 07:35:32] Registered imported item TEF_KEISHOU_TMCRAFTINGLENSGOLD for keishou from TMCRAFTINGLENSGOLD
[2026-06-12 07:35:32] Registered imported item TEF_POKEMON_KEISHOU_TMCRAFTINGLENSGOLD for pokemon_keishou from TMCRAFTINGLENSGOLD
[2026-06-12 07:35:32] Registered imported item TEF_KEISHOU_TMCRAFTINGLENSPLATINUM for keishou from TMCRAFTINGLENSPLATINUM
[2026-06-12 07:35:32] Registered imported item TEF_POKEMON_KEISHOU_TMCRAFTINGLENSPLATINUM for pokemon_keishou from TMCRAFTINGLENSPLATINUM
[2026-06-12 07:35:32] Registered imported item TEF_KEISHOU_APRICORNCHARM for keishou from APRICORNCHARM
[2026-06-12 07:35:32] Registered imported item TEF_POKEMON_KEISHOU_APRICORNCHARM for pokemon_keishou from APRICORNCHARM
[2026-06-12 07:35:32] Registered imported item TEF_KEISHOU_BALANCECHARM for keishou from BALANCECHARM
[2026-06-12 07:35:32] Registered imported item TEF_POKEMON_KEISHOU_BALANCECHARM for pokemon_keishou from BALANCECHARM
[2026-06-12 07:35:32] Registered imported item TEF_KEISHOU_BERRYCHARM for keishou from BERRYCHARM
[2026-06-12 07:35:32] Registered imported item TEF_POKEMON_KEISHOU_BERRYCHARM for pokemon_keishou from BERRYCHARM
[2026-06-12 07:35:32] Registered imported item TEF_KEISHOU_CATCHINGCHARM for keishou from CATCHINGCHARM
[2026-06-12 07:35:32] Registered imported item TEF_POKEMON_KEISHOU_CATCHINGCHARM for pokemon_keishou from CATCHINGCHARM
[2026-06-12 07:35:32] Registered imported item TEF_KEISHOU_CLOVERCHARM for keishou from CLOVERCHARM
[2026-06-12 07:35:32] Registered imported item TEF_POKEMON_KEISHOU_CLOVERCHARM for pokemon_keishou from CLOVERCHARM
[2026-06-12 07:35:32] Registered imported item TEF_KEISHOU_COINCHARM for keishou from COINCHARM
[2026-06-12 07:35:32] Registered imported item TEF_POKEMON_KEISHOU_COINCHARM for pokemon_keishou from COINCHARM
[2026-06-12 07:35:32] Registered imported item TEF_KEISHOU_COLORCHARM for keishou from COLORCHARM
[2026-06-12 07:35:32] Registered imported item TEF_POKEMON_KEISHOU_COLORCHARM for pokemon_keishou from COLORCHARM
[2026-06-12 07:35:32] Registered imported item TEF_KEISHOU_CONTESTCHARM for keishou from CONTESTCHARM
[2026-06-12 07:35:32] Registered imported item TEF_POKEMON_KEISHOU_CONTESTCHARM for pokemon_keishou from CONTESTCHARM
[2026-06-12 07:35:32] Registered imported item TEF_KEISHOU_CORRUPTCHARM for keishou from CORRUPTCHARM
[2026-06-12 07:35:32] Registered imported item TEF_POKEMON_KEISHOU_CORRUPTCHARM for pokemon_keishou from CORRUPTCHARM
[2026-06-12 07:35:32] Registered imported item TEF_KEISHOU_CRAFTINGCHARM for keishou from CRAFTINGCHARM
[2026-06-12 07:35:32] Registered imported item TEF_POKEMON_KEISHOU_CRAFTINGCHARM for pokemon_keishou from CRAFTINGCHARM
[2026-06-12 07:35:32] Registered imported item TEF_KEISHOU_DISABLECHARM for keishou from DISABLECHARM
[2026-06-12 07:35:32] Registered imported item TEF_POKEMON_KEISHOU_DISABLECHARM for pokemon_keishou from DISABLECHARM
[2026-06-12 07:35:32] Registered imported item TEF_KEISHOU_EASYCHARM for keishou from EASYCHARM
[2026-06-12 07:35:32] Registered imported item TEF_POKEMON_KEISHOU_EASYCHARM for pokemon_keishou from EASYCHARM
[2026-06-12 07:35:32] Registered imported item TEF_KEISHOU_EFFORTCHARM for keishou from EFFORTCHARM
[2026-06-12 07:35:32] Registered imported item TEF_POKEMON_KEISHOU_EFFORTCHARM for pokemon_keishou from EFFORTCHARM
[2026-06-12 07:35:32] Registered imported item TEF_KEISHOU_EXPALLCHARM for keishou from EXPALLCHARM
[2026-06-12 07:35:32] Registered imported item TEF_POKEMON_KEISHOU_EXPALLCHARM for pokemon_keishou from EXPALLCHARM
[2026-06-12 07:35:32] Registered imported item TEF_KEISHOU_EXPCHARM for keishou from EXPCHARM
[2026-06-12 07:35:32] Registered imported item TEF_POKEMON_KEISHOU_EXPCHARM for pokemon_keishou from EXPCHARM
[2026-06-12 07:35:32] Registered imported item TEF_KEISHOU_FRUGALCHARM for keishou from FRUGALCHARM
[2026-06-12 07:35:32] Registered imported item TEF_POKEMON_KEISHOU_FRUGALCHARM for pokemon_keishou from FRUGALCHARM
[2026-06-12 07:35:32] Registered imported item TEF_KEISHOU_GENECHARM for keishou from GENECHARM
[2026-06-12 07:35:32] Registered imported item TEF_POKEMON_KEISHOU_GENECHARM for pokemon_keishou from GENECHARM
[2026-06-12 07:35:32] Registered imported item TEF_KEISHOU_GOLDCHARM for keishou from GOLDCHARM
[2026-06-12 07:35:32] Registered imported item TEF_POKEMON_KEISHOU_GOLDCHARM for pokemon_keishou from GOLDCHARM
[2026-06-12 07:35:32] Registered imported item TEF_KEISHOU_HARDCHARM for keishou from HARDCHARM
[2026-06-12 07:35:32] Registered imported item TEF_POKEMON_KEISHOU_HARDCHARM for pokemon_keishou from HARDCHARM
[2026-06-12 07:35:32] Registered imported item TEF_KEISHOU_HEALINGCHARM for keishou from HEALINGCHARM
[2026-06-12 07:35:32] Registered imported item TEF_POKEMON_KEISHOU_HEALINGCHARM for pokemon_keishou from HEALINGCHARM
[2026-06-12 07:35:32] Registered imported item TEF_KEISHOU_HEARTCHARM for keishou from HEARTCHARM
[2026-06-12 07:35:32] Registered imported item TEF_POKEMON_KEISHOU_HEARTCHARM for pokemon_keishou from HEARTCHARM
[2026-06-12 07:35:32] Registered imported item TEF_KEISHOU_HUNTERSCHARM for keishou from HUNTERSCHARM
[2026-06-12 07:35:32] Registered imported item TEF_POKEMON_KEISHOU_HUNTERSCHARM for pokemon_keishou from HUNTERSCHARM
[2026-06-12 07:35:32] Registered imported item TEF_KEISHOU_IVCHARM for keishou from IVCHARM
[2026-06-12 07:35:32] Registered imported item TEF_POKEMON_KEISHOU_IVCHARM for pokemon_keishou from IVCHARM
[2026-06-12 07:35:32] Registered imported item TEF_KEISHOU_KEYCHARM for keishou from KEYCHARM
[2026-06-12 07:35:32] Registered imported item TEF_POKEMON_KEISHOU_KEYCHARM for pokemon_keishou from KEYCHARM
[2026-06-12 07:35:32] Registered imported item TEF_KEISHOU_LINKCHARM for keishou from LINKCHARM
[2026-06-12 07:35:32] Registered imported item TEF_POKEMON_KEISHOU_LINKCHARM for pokemon_keishou from LINKCHARM
[2026-06-12 07:35:32] Registered imported item TEF_KEISHOU_LURECHARM for keishou from LURECHARM
[2026-06-12 07:35:32] Registered imported item TEF_POKEMON_KEISHOU_LURECHARM for pokemon_keishou from LURECHARM
[2026-06-12 07:35:32] Registered imported item TEF_KEISHOU_MERCYCHARM for keishou from MERCYCHARM
[2026-06-12 07:35:32] Registered imported item TEF_POKEMON_KEISHOU_MERCYCHARM for pokemon_keishou from MERCYCHARM
[2026-06-12 07:35:32] Registered imported item TEF_KEISHOU_MININGCHARM for keishou from MININGCHARM
[2026-06-12 07:35:32] Registered imported item TEF_POKEMON_KEISHOU_MININGCHARM for pokemon_keishou from MININGCHARM
[2026-06-12 07:35:32] Registered imported item TEF_KEISHOU_NATURECHARM for keishou from NATURECHARM
[2026-06-12 07:35:32] Registered imported item TEF_POKEMON_KEISHOU_NATURECHARM for pokemon_keishou from NATURECHARM
[2026-06-12 07:35:32] Registered imported item TEF_KEISHOU_OVALCHARM for keishou from OVALCHARM
[2026-06-12 07:35:32] Registered imported item TEF_POKEMON_KEISHOU_OVALCHARM for pokemon_keishou from OVALCHARM
[2026-06-12 07:35:32] Registered imported item TEF_KEISHOU_POINTSCHARM for keishou from POINTSCHARM
[2026-06-12 07:35:32] Registered imported item TEF_POKEMON_KEISHOU_POINTSCHARM for pokemon_keishou from POINTSCHARM
[2026-06-12 07:35:32] Registered imported item TEF_KEISHOU_PROMOCHARM for keishou from PROMOCHARM
[2026-06-12 07:35:32] Registered imported item TEF_POKEMON_KEISHOU_PROMOCHARM for pokemon_keishou from PROMOCHARM
[2026-06-12 07:35:32] Registered imported item TEF_KEISHOU_PURIFYCHARM for keishou from PURIFYCHARM
[2026-06-12 07:35:32] Registered imported item TEF_POKEMON_KEISHOU_PURIFYCHARM for pokemon_keishou from PURIFYCHARM
[2026-06-12 07:35:32] Registered imported item TEF_KEISHOU_RESISTORCHARM for keishou from RESISTORCHARM
[2026-06-12 07:35:32] Registered imported item TEF_POKEMON_KEISHOU_RESISTORCHARM for pokemon_keishou from RESISTORCHARM
[2026-06-12 07:35:32] Registered imported item TEF_KEISHOU_ROAMINGCHARM for keishou from ROAMINGCHARM
[2026-06-12 07:35:32] Registered imported item TEF_POKEMON_KEISHOU_ROAMINGCHARM for pokemon_keishou from ROAMINGCHARM
[2026-06-12 07:35:32] Registered imported item TEF_KEISHOU_SAFARICHARM for keishou from SAFARICHARM
[2026-06-12 07:35:32] Registered imported item TEF_POKEMON_KEISHOU_SAFARICHARM for pokemon_keishou from SAFARICHARM
[2026-06-12 07:35:32] Registered imported item TEF_KEISHOU_SHINYCHARM for keishou from SHINYCHARM
[2026-06-12 07:35:32] Registered imported item TEF_POKEMON_KEISHOU_SHINYCHARM for pokemon_keishou from SHINYCHARM
[2026-06-12 07:35:32] Registered imported item TEF_KEISHOU_SLOTSCHARM for keishou from SLOTSCHARM
[2026-06-12 07:35:32] Registered imported item TEF_POKEMON_KEISHOU_SLOTSCHARM for pokemon_keishou from SLOTSCHARM
[2026-06-12 07:35:32] Registered imported item TEF_KEISHOU_SMARTCHARM for keishou from SMARTCHARM
[2026-06-12 07:35:32] Registered imported item TEF_POKEMON_KEISHOU_SMARTCHARM for pokemon_keishou from SMARTCHARM
[2026-06-12 07:35:32] Registered imported item TEF_KEISHOU_SPIRITCHARM for keishou from SPIRITCHARM
[2026-06-12 07:35:32] Registered imported item TEF_POKEMON_KEISHOU_SPIRITCHARM for pokemon_keishou from SPIRITCHARM
[2026-06-12 07:35:32] Registered imported item TEF_KEISHOU_STABCHARM for keishou from STABCHARM
[2026-06-12 07:35:32] Registered imported item TEF_POKEMON_KEISHOU_STABCHARM for pokemon_keishou from STABCHARM
[2026-06-12 07:35:32] Registered imported item TEF_KEISHOU_STEPCHARM for keishou from STEPCHARM
[2026-06-12 07:35:32] Registered imported item TEF_POKEMON_KEISHOU_STEPCHARM for pokemon_keishou from STEPCHARM
[2026-06-12 07:35:32] Registered imported item TEF_KEISHOU_TRADINGCHARM for keishou from TRADINGCHARM
[2026-06-12 07:35:32] Registered imported item TEF_POKEMON_KEISHOU_TRADINGCHARM for pokemon_keishou from TRADINGCHARM
[2026-06-12 07:35:32] Registered imported item TEF_KEISHOU_TRIPTRIADCHARM for keishou from TRIPTRIADCHARM
[2026-06-12 07:35:32] Registered imported item TEF_POKEMON_KEISHOU_TRIPTRIADCHARM for pokemon_keishou from TRIPTRIADCHARM
[2026-06-12 07:35:32] Registered imported item TEF_KEISHOU_TWINCHARM for keishou from TWINCHARM
[2026-06-12 07:35:32] Registered imported item TEF_POKEMON_KEISHOU_TWINCHARM for pokemon_keishou from TWINCHARM
[2026-06-12 07:35:32] Registered imported item TEF_KEISHOU_VIRALCHARM for keishou from VIRALCHARM
[2026-06-12 07:35:32] Registered imported item TEF_POKEMON_KEISHOU_VIRALCHARM for pokemon_keishou from VIRALCHARM
[2026-06-12 07:35:32] Registered imported item TEF_KEISHOU_WISHINGCHARM for keishou from WISHINGCHARM
[2026-06-12 07:35:32] Registered imported item TEF_POKEMON_KEISHOU_WISHINGCHARM for pokemon_keishou from WISHINGCHARM
[2026-06-12 07:35:32] Registered imported item TEF_KEISHOU_ELEMENTCHARM for keishou from ELEMENTCHARM
[2026-06-12 07:35:32] Registered imported item TEF_POKEMON_KEISHOU_ELEMENTCHARM for pokemon_keishou from ELEMENTCHARM
[2026-06-12 07:35:32] Registered imported item TEF_KEISHOU_BUGCHARM for keishou from BUGCHARM
[2026-06-12 07:35:32] Registered imported item TEF_POKEMON_KEISHOU_BUGCHARM for pokemon_keishou from BUGCHARM
[2026-06-12 07:35:32] Registered imported item TEF_KEISHOU_DARKCHARM for keishou from DARKCHARM
[2026-06-12 07:35:32] Registered imported item TEF_POKEMON_KEISHOU_DARKCHARM for pokemon_keishou from DARKCHARM
[2026-06-12 07:35:32] Registered imported item TEF_KEISHOU_DRAGONCHARM for keishou from DRAGONCHARM
[2026-06-12 07:35:32] Registered imported item TEF_POKEMON_KEISHOU_DRAGONCHARM for pokemon_keishou from DRAGONCHARM
[2026-06-12 07:35:32] Registered imported item TEF_KEISHOU_ELECTRICCHARM for keishou from ELECTRICCHARM
[2026-06-12 07:35:32] Registered imported item TEF_POKEMON_KEISHOU_ELECTRICCHARM for pokemon_keishou from ELECTRICCHARM
[2026-06-12 07:35:32] Registered imported item TEF_KEISHOU_FAIRYCHARM for keishou from FAIRYCHARM
[2026-06-12 07:35:32] Registered imported item TEF_POKEMON_KEISHOU_FAIRYCHARM for pokemon_keishou from FAIRYCHARM
[2026-06-12 07:35:32] Registered imported item TEF_KEISHOU_FIGHTINGCHARM for keishou from FIGHTINGCHARM
[2026-06-12 07:35:32] Registered imported item TEF_POKEMON_KEISHOU_FIGHTINGCHARM for pokemon_keishou from FIGHTINGCHARM
[2026-06-12 07:35:32] Registered imported item TEF_KEISHOU_FIRECHARM for keishou from FIRECHARM
[2026-06-12 07:35:32] Registered imported item TEF_POKEMON_KEISHOU_FIRECHARM for pokemon_keishou from FIRECHARM
[2026-06-12 07:35:32] Registered imported item TEF_KEISHOU_FLYINGCHARM for keishou from FLYINGCHARM
[2026-06-12 07:35:32] Registered imported item TEF_POKEMON_KEISHOU_FLYINGCHARM for pokemon_keishou from FLYINGCHARM
[2026-06-12 07:35:32] Registered imported item TEF_KEISHOU_GHOSTCHARM for keishou from GHOSTCHARM
[2026-06-12 07:35:32] Registered imported item TEF_POKEMON_KEISHOU_GHOSTCHARM for pokemon_keishou from GHOSTCHARM
[2026-06-12 07:35:32] Registered imported item TEF_KEISHOU_GRASSCHARM for keishou from GRASSCHARM
[2026-06-12 07:35:32] Registered imported item TEF_POKEMON_KEISHOU_GRASSCHARM for pokemon_keishou from GRASSCHARM
[2026-06-12 07:35:32] Registered imported item TEF_KEISHOU_GROUNDCHARM for keishou from GROUNDCHARM
[2026-06-12 07:35:32] Registered imported item TEF_POKEMON_KEISHOU_GROUNDCHARM for pokemon_keishou from GROUNDCHARM
[2026-06-12 07:35:32] Registered imported item TEF_KEISHOU_ICECHARM for keishou from ICECHARM
[2026-06-12 07:35:32] Registered imported item TEF_POKEMON_KEISHOU_ICECHARM for pokemon_keishou from ICECHARM
[2026-06-12 07:35:32] Registered imported item TEF_KEISHOU_NORMALCHARM for keishou from NORMALCHARM
[2026-06-12 07:35:32] Registered imported item TEF_POKEMON_KEISHOU_NORMALCHARM for pokemon_keishou from NORMALCHARM
[2026-06-12 07:35:32] Registered imported item TEF_KEISHOU_PSYCHICCHARM for keishou from PSYCHICCHARM
[2026-06-12 07:35:32] Registered imported item TEF_POKEMON_KEISHOU_PSYCHICCHARM for pokemon_keishou from PSYCHICCHARM
[2026-06-12 07:35:32] Registered imported item TEF_KEISHOU_POISONCHARM for keishou from POISONCHARM
[2026-06-12 07:35:32] Registered imported item TEF_POKEMON_KEISHOU_POISONCHARM for pokemon_keishou from POISONCHARM
[2026-06-12 07:35:32] Registered imported item TEF_KEISHOU_ROCKCHARM for keishou from ROCKCHARM
[2026-06-12 07:35:32] Registered imported item TEF_POKEMON_KEISHOU_ROCKCHARM for pokemon_keishou from ROCKCHARM
[2026-06-12 07:35:32] Registered imported item TEF_KEISHOU_STEELCHARM for keishou from STEELCHARM
[2026-06-12 07:35:32] Registered imported item TEF_POKEMON_KEISHOU_STEELCHARM for pokemon_keishou from STEELCHARM
[2026-06-12 07:35:32] Registered imported item TEF_KEISHOU_WATERCHARM for keishou from WATERCHARM
[2026-06-12 07:35:32] Registered imported item TEF_POKEMON_KEISHOU_WATERCHARM for pokemon_keishou from WATERCHARM
[2026-06-12 07:35:32] [keishou] Charm Case, Storage Device, crafting, and Notebook compatibility loaded
[2026-06-12 07:35:32] [darkhorizon] compatibility shims loaded
[2026-06-12 07:35:59] [load] rebuilt host authoritative save location 78 for host before scene start
